 addon

 Timestamp is 59cda61e (Fri Sep 29 09:47:10 2017)

 Preferred load address is 0000000180000000

 Start         Length     Name                   Class
 0001:00000000 000001dbH .text                   CODE
 0001:000001e0 00000110H .text$di                CODE
 0001:000002f0 00026b70H .text$mn                CODE
 0001:00026e60 00000012H .text$mn$00             CODE
 0001:00026e80 000004f0H .text$x                 CODE
 0001:00027370 00000174H .text$yd                CODE
 0002:00000000 000002b8H .idata$5                DATA
 0002:000002b8 00000010H .00cfg                  DATA
 0002:000002c8 00000008H .CRT$XCA                DATA
 0002:000002d0 00000038H .CRT$XCC                DATA
 0002:00000308 00000010H .CRT$XCL                DATA
 0002:00000318 00000008H .CRT$XCU                DATA
 0002:00000320 00000008H .CRT$XCZ                DATA
 0002:00000328 00000008H .CRT$XIA                DATA
 0002:00000330 00000030H .CRT$XIC                DATA
 0002:00000360 00000008H .CRT$XIZ                DATA
 0002:00000368 00000008H .CRT$XLA                DATA
 0002:00000370 00000008H .CRT$XLZ                DATA
 0002:00000378 00000008H .CRT$XPA                DATA
 0002:00000380 00000010H .CRT$XPX                DATA
 0002:00000390 00000008H .CRT$XPXA               DATA
 0002:00000398 00000008H .CRT$XPZ                DATA
 0002:000003a0 00000008H .CRT$XTA                DATA
 0002:000003a8 00000008H .CRT$XTZ                DATA
 0002:000003b0 00000000H .gfids$x                DATA
 0002:000003b0 0000d084H .rdata                  DATA
 0002:0000d438 00000028H .rdata$T                DATA
 0002:0000d460 00000fe4H .rdata$r                DATA
 0002:0000e448 00000010H .rdata$zETW0            DATA
 0002:0000e458 00000077H .rdata$zETW1            DATA
 0002:0000e4cf 0000002cH .rdata$zETW2            DATA
 0002:0000e4fb 00000001H .rdata$zETW9            DATA
 0002:0000e4fc 000004e0H .rdata$zzzdbg           DATA
 0002:0000e9e0 00000008H .rtc$IAA                DATA
 0002:0000e9e8 00000008H .rtc$IZZ                DATA
 0002:0000e9f0 00000008H .rtc$TAA                DATA
 0002:0000e9f8 00000008H .rtc$TZZ                DATA
 0002:0000ea00 0000213cH .xdata                  DATA
 0002:00010b40 00000244H .xdata$x                DATA
 0002:00010d84 00000020H .didat$2                DATA
 0002:00010da4 00000020H .didat$3                DATA
 0002:00010dc8 00000100H .didat$4                DATA
 0002:00010ec8 00000832H .didat$6                DATA
 0002:00011700 00000100H .didat$7                DATA
 0002:00011800 0000004eH .edata                  DATA
 0002:00011850 00000028H .idata$2                DATA
 0002:00011878 00000014H .idata$3                DATA
 0002:00011890 000002b8H .idata$4                DATA
 0002:00011b48 00000642H .idata$6                DATA
 0003:00000000 00000d38H .data                   DATA
 0003:00000d40 000005f0H .data$r                 DATA
 0003:00001330 00000100H .didat$5                DATA
 0003:00001430 0000189cH .bss                    DATA
 0004:00000000 00002544H .pdata                  DATA
 0005:00000000 00000001H .tls                    DATA
 0005:00000004 00000004H .tls$                   DATA
 0005:00000008 00000001H .tls$ZZZ                DATA
 0006:00000000 00000058H .rsrc$01                DATA
 0006:00000060 00000180H .rsrc$02                DATA

  Address         Publics by Value              Rva+Base               Lib:Object

 0000:00000000       __guard_fids_count         0000000000000000     <absolute>
 0000:00000000       ___safe_se_handler_count   0000000000000000     <absolute>
 0000:00000000       ___safe_se_handler_table   0000000000000000     <absolute>
 0000:00000000       __guard_fids_table         0000000000000000     <absolute>
 0000:00000100       __guard_flags              0000000000000100     <absolute>
 0000:00000000       __ImageBase                0000000180000000     <linker-defined>
 0001:00000000       ?TraceLoggingRegister@__vcrt_trace_logging_provider@@YAJPEBU_TlgProvider_t@1@PEBU_GUID@@P6AX1KE_K2PEAU_EVENT_FILTER_DESCRIPTOR@@PEAX@Z4@Z 0000000180001000 f i libvcruntime:telemetry.obj
 0001:0000007c       ?_TlgEnableCallback@__vcrt_trace_logging_provider@@YAXPEBU_GUID@@KE_K1PEAU_EVENT_FILTER_DESCRIPTOR@@PEAX@Z 000000018000107c f i libvcruntime:telemetry.obj
 0001:00000140       ?_TlgWrite@__vcrt_trace_logging_provider@@YAJPEBU_TlgProvider_t@1@PEFBXPEBU_GUID@@2IPEAU_EVENT_DATA_DESCRIPTOR@@@Z 0000000180001140 f i libvcruntime:telemetry.obj
 0001:000002f0       __local_stdio_printf_options 00000001800012f0 f i addon.obj
 0001:00000300       sprintf_s                  0000000180001300 f i addon.obj
 0001:00000360       ?what@exception@stdext@@UEBAPEBDXZ 0000000180001360 f i addon.obj
 0001:00000380       ?_Lock@?$basic_streambuf@DU?$char_traits@D@std@@@std@@UEAAXXZ 0000000180001380 f i addon.obj
 0001:00000380       ?_Doraise@exception@stdext@@MEBAXXZ 0000000180001380 f i addon.obj
 0001:00000380       __except_validate_context_record 0000000180001380 f i libvcruntime:jbcxrval.obj
 0001:00000380       ?imbue@?$basic_streambuf@DU?$char_traits@D@std@@@std@@MEAAXAEBVlocale@2@@Z 0000000180001380 f i addon.obj
 0001:00000380       _guard_check_icall_nop     0000000180001380 f i LIBCMT:guard_support.obj
 0001:00000380       ?_Unlock@?$basic_streambuf@DU?$char_traits@D@std@@@std@@UEAAXXZ 0000000180001380 f i addon.obj
 0001:00000390       ??_Eruntime_error@std@@UEAAPEAXI@Z 0000000180001390 f i * CIL library *:* CIL module *
 0001:00000390       ??_Gruntime_error@std@@UEAAPEAXI@Z 0000000180001390 f i addon.obj
 0001:00000390       ??_Eexception@stdext@@UEAAPEAXI@Z 0000000180001390 f i * CIL library *:* CIL module *
 0001:00000390       ??_Gexception@stdext@@UEAAPEAXI@Z 0000000180001390 f i addon.obj
 0001:000003c0       ??0_Locinfo@std@@QEAA@PEBD@Z 00000001800013c0 f i addon.obj
 0001:00000480       ??1_Locinfo@std@@QEAA@XZ   0000000180001480 f i addon.obj
 0001:00000520       ??_E_Facet_base@std@@UEAAPEAXI@Z 0000000180001520 f i * CIL library *:* CIL module *
 0001:00000520       ??_G_Facet_base@std@@UEAAPEAXI@Z 0000000180001520 f i addon.obj
 0001:00000550       ?_Incref@facet@locale@std@@UEAAXXZ 0000000180001550 f i addon.obj
 0001:00000560       ?_Decref@facet@locale@std@@UEAAPEAV_Facet_base@3@XZ 0000000180001560 f i addon.obj
 0001:00000580       ?do_max_length@codecvt_base@std@@MEBAHXZ 0000000180001580 f i addon.obj
 0001:00000580       DllMain                    0000000180001580 f i LIBCMT:dll_dllmain_stub.obj
 0001:00000580       ?do_encoding@codecvt_base@std@@MEBAHXZ 0000000180001580 f i addon.obj
 0001:00000590       ?_Getcat@?$ctype@D@std@@SA_KPEAPEBVfacet@locale@2@PEBV42@@Z 0000000180001590 f i addon.obj
 0001:00000650       ?do_tolower@?$ctype@D@std@@MEBADD@Z 0000000180001650 f i addon.obj
 0001:00000660       ?do_tolower@?$ctype@D@std@@MEBAPEBDPEADPEBD@Z 0000000180001660 f i addon.obj
 0001:000006c0       ?do_toupper@?$ctype@D@std@@MEBADD@Z 00000001800016c0 f i addon.obj
 0001:000006d0       ?do_toupper@?$ctype@D@std@@MEBAPEBDPEADPEBD@Z 00000001800016d0 f i addon.obj
 0001:00000730       ?do_widen@?$ctype@D@std@@MEBADD@Z 0000000180001730 f i addon.obj
 0001:00000730       ?do_narrow@?$ctype@D@std@@MEBADDD@Z 0000000180001730 f i addon.obj
 0001:00000740       ?do_widen@?$ctype@D@std@@MEBAPEBDPEBD0PEAD@Z 0000000180001740 f i addon.obj
 0001:00000760       ?do_narrow@?$ctype@D@std@@MEBAPEBDPEBD0DPEAD@Z 0000000180001760 f i addon.obj
 0001:00000780       ??_G?$ctype@D@std@@MEAAPEAXI@Z 0000000180001780 f i addon.obj
 0001:00000780       ??_E?$ctype@D@std@@MEAAPEAXI@Z 0000000180001780 f i * CIL library *:* CIL module *
 0001:000007f0       ??_E_Iostream_error_category@std@@UEAAPEAXI@Z 00000001800017f0 f i * CIL library *:* CIL module *
 0001:000007f0       ??_G_Iostream_error_category@std@@UEAAPEAXI@Z 00000001800017f0 f i addon.obj
 0001:000007f0       ??_Eerror_category@std@@UEAAPEAXI@Z 00000001800017f0 f i * CIL library *:* CIL module *
 0001:000007f0       ??_Gerror_category@std@@UEAAPEAXI@Z 00000001800017f0 f i addon.obj
 0001:00000820       ?default_error_condition@error_category@std@@UEBA?AVerror_condition@2@H@Z 0000000180001820 f i addon.obj
 0001:00000830       ?equivalent@error_category@std@@UEBA_NHAEBVerror_condition@2@@Z 0000000180001830 f i addon.obj
 0001:00000890       ?equivalent@error_category@std@@UEBA_NAEBVerror_code@2@H@Z 0000000180001890 f i addon.obj
 0001:000008b0       ?_Makestr@_System_error@std@@CA?AV?$basic_string@DU?$char_traits@D@std@@V?$allocator@D@2@@2@Verror_code@2@V32@@Z 00000001800018b0 f i addon.obj
 0001:00000a10       ??_Gfailure@ios_base@std@@UEAAPEAXI@Z 0000000180001a10 f i addon.obj
 0001:00000a10       ??_Efailure@ios_base@std@@UEAAPEAXI@Z 0000000180001a10 f i * CIL library *:* CIL module *
 0001:00000a10       ??_E_System_error@std@@UEAAPEAXI@Z 0000000180001a10 f i * CIL library *:* CIL module *
 0001:00000a10       ??_G_System_error@std@@UEAAPEAXI@Z 0000000180001a10 f i addon.obj
 0001:00000a40       ?name@_Iostream_error_category@std@@UEBAPEBDXZ 0000000180001a40 f i addon.obj
 0001:00000a50       ?message@_Iostream_error_category@std@@UEBA?AV?$basic_string@DU?$char_traits@D@std@@V?$allocator@D@2@@2@H@Z 0000000180001a50 f i addon.obj
 0001:00000ad0       ?clear@ios_base@std@@QEAAXH_N@Z 0000000180001ad0 f i addon.obj
 0001:00001010       ??_Eios_base@std@@UEAAPEAXI@Z 0000000180002010 f i * CIL library *:* CIL module *
 0001:00001010       ??_Gios_base@std@@UEAAPEAXI@Z 0000000180002010 f i addon.obj
 0001:00001100       ?New@?$Factory@VFunctionTemplate@v8@@@imp@Nan@@SA?AV?$Local@VFunctionTemplate@v8@@@v8@@P6AXAEBV?$FunctionCallbackInfo@VValue@v8@@@3@@ZV?$Local@VValue@v8@@@5@V?$Local@VSignature@v8@@@5@@Z 0000000180002100 f i addon.obj
 0001:000012f0       ?ThrowTypeError@Nan@@YAXPEBD@Z 00000001800022f0 f i addon.obj
 0001:00001380       ??0Utf8String@Nan@@QEAA@V?$Local@VValue@v8@@@v8@@@Z 0000000180002380 f i addon.obj
 0001:00001490       ?Export@Nan@@YAXV?$Local@VObject@v8@@@v8@@PEBDP6AXAEBV?$FunctionCallbackInfo@VValue@v8@@@1@@Z@Z 0000000180002490 f i addon.obj
 0001:000015f0       ?readFile@@YAXAEBV?$FunctionCallbackInfo@VValue@v8@@@Nan@@@Z 00000001800025f0 f   addon.obj
 0001:00001a50       ?writeFile@@YAXAEBV?$FunctionCallbackInfo@VValue@v8@@@Nan@@@Z 0000000180002a50 f   addon.obj
 0001:00001ce0       ?Init@@YAXV?$Local@VObject@v8@@@v8@@@Z 0000000180002ce0 f   addon.obj
 0001:00001d30       ??1?$basic_string@DU?$char_traits@D@std@@V?$allocator@D@2@@std@@QEAA@XZ 0000000180002d30 f i addon.obj
 0001:00001dc0       ??1?$basic_ofstream@DU?$char_traits@D@std@@@std@@UEAA@XZ 0000000180002dc0 f i addon.obj
 0001:00001e40       ??0?$basic_ofstream@DU?$char_traits@D@std@@@std@@QEAA@PEBDHH@Z 0000000180002e40 f i addon.obj
 0001:00002020       ??1?$basic_ifstream@DU?$char_traits@D@std@@@std@@UEAA@XZ 0000000180003020 f i addon.obj
 0001:000020a0       ??0?$basic_ifstream@DU?$char_traits@D@std@@@std@@QEAA@PEBDHH@Z 00000001800030a0 f i addon.obj
 0001:00002280       ?imbue@?$basic_filebuf@DU?$char_traits@D@std@@@std@@MEAAXAEBVlocale@2@@Z 0000000180003280 f i addon.obj
 0001:000022b0       ?sync@?$basic_filebuf@DU?$char_traits@D@std@@@std@@MEAAHXZ 00000001800032b0 f i addon.obj
 0001:00002300       ?setbuf@?$basic_filebuf@DU?$char_traits@D@std@@@std@@MEAAPEAV?$basic_streambuf@DU?$char_traits@D@std@@@2@PEAD_J@Z 0000000180003300 f i addon.obj
 0001:00002360       ?seekpos@?$basic_filebuf@DU?$char_traits@D@std@@@std@@MEAA?AV?$fpos@U_Mbstatet@@@2@V32@H@Z 0000000180003360 f i addon.obj
 0001:00002440       ?seekoff@?$basic_filebuf@DU?$char_traits@D@std@@@std@@MEAA?AV?$fpos@U_Mbstatet@@@2@_JHH@Z 0000000180003440 f i addon.obj
 0001:00002530       ?uflow@?$basic_filebuf@DU?$char_traits@D@std@@@std@@MEAAHXZ 0000000180003530 f i addon.obj
 0001:00002920       ?underflow@?$basic_filebuf@DU?$char_traits@D@std@@@std@@MEAAHXZ 0000000180003920 f i addon.obj
 0001:00002990       ?pbackfail@?$basic_filebuf@DU?$char_traits@D@std@@@std@@MEAAHH@Z 0000000180003990 f i addon.obj
 0001:00002a40       ?overflow@?$basic_filebuf@DU?$char_traits@D@std@@@std@@MEAAHH@Z 0000000180003a40 f i addon.obj
 0001:00002e00       ?_Unlock@?$basic_filebuf@DU?$char_traits@D@std@@@std@@UEAAXXZ 0000000180003e00 f i addon.obj
 0001:00002e20       ?_Lock@?$basic_filebuf@DU?$char_traits@D@std@@@std@@UEAAXXZ 0000000180003e20 f i addon.obj
 0001:00002e40       ??1?$basic_filebuf@DU?$char_traits@D@std@@@std@@UEAA@XZ 0000000180003e40 f i addon.obj
 0001:00002ef0       ?write@?$basic_ostream@DU?$char_traits@D@std@@@std@@QEAAAEAV12@PEBD_J@Z 0000000180003ef0 f i addon.obj
 0001:00003020       ??6?$basic_ostream@DU?$char_traits@D@std@@@std@@QEAAAEAV01@_J@Z 0000000180004020 f i addon.obj
 0001:000031c0       ??6?$basic_ostream@DU?$char_traits@D@std@@@std@@QEAAAEAV01@H@Z 00000001800041c0 f i addon.obj
 0001:00003360       ?seekg@?$basic_istream@DU?$char_traits@D@std@@@std@@QEAAAEAV12@_JH@Z 0000000180004360 f i addon.obj
 0001:00003480       ?read@?$basic_istream@DU?$char_traits@D@std@@@std@@QEAAAEAV12@PEAD_J@Z 0000000180004480 f i addon.obj
 0001:00003580       ?sync@?$basic_streambuf@DU?$char_traits@D@std@@@std@@MEAAHXZ 0000000180004580 f i addon.obj
 0001:00003580       ?showmanyc@?$basic_streambuf@DU?$char_traits@D@std@@@std@@MEAA_JXZ 0000000180004580 f i addon.obj
 0001:00003590       ?setbuf@?$basic_streambuf@DU?$char_traits@D@std@@@std@@MEAAPEAV12@PEAD_J@Z 0000000180004590 f i addon.obj
 0001:000035a0       ?seekpos@?$basic_streambuf@DU?$char_traits@D@std@@@std@@MEAA?AV?$fpos@U_Mbstatet@@@2@V32@H@Z 00000001800045a0 f i addon.obj
 0001:000035a0       ?seekoff@?$basic_streambuf@DU?$char_traits@D@std@@@std@@MEAA?AV?$fpos@U_Mbstatet@@@2@_JHH@Z 00000001800045a0 f i addon.obj
 0001:000035c0       ?xsputn@?$basic_streambuf@DU?$char_traits@D@std@@@std@@MEAA_JPEBD_J@Z 00000001800045c0 f i addon.obj
 0001:00003680       ?xsgetn@?$basic_streambuf@DU?$char_traits@D@std@@@std@@MEAA_JPEAD_J@Z 0000000180004680 f i addon.obj
 0001:00003740       ?uflow@?$basic_streambuf@DU?$char_traits@D@std@@@std@@MEAAHXZ 0000000180004740 f i addon.obj
 0001:00003780       ?underflow@?$basic_streambuf@DU?$char_traits@D@std@@@std@@MEAAHXZ 0000000180004780 f i addon.obj
 0001:00003780       ?overflow@?$basic_streambuf@DU?$char_traits@D@std@@@std@@MEAAHH@Z 0000000180004780 f i addon.obj
 0001:00003780       ?pbackfail@?$basic_streambuf@DU?$char_traits@D@std@@@std@@MEAAHH@Z 0000000180004780 f i addon.obj
 0001:00003790       ??_G?$basic_ofstream@DU?$char_traits@D@std@@@std@@UEAAPEAXI@Z 0000000180004790 f i addon.obj
 0001:00003790       ??_E?$basic_ofstream@DU?$char_traits@D@std@@@std@@UEAAPEAXI@Z 0000000180004790 f i * CIL library *:* CIL module *
 0001:00003800       ??_G?$basic_ifstream@DU?$char_traits@D@std@@@std@@UEAAPEAXI@Z 0000000180004800 f i addon.obj
 0001:00003800       ??_E?$basic_ifstream@DU?$char_traits@D@std@@@std@@UEAAPEAXI@Z 0000000180004800 f i * CIL library *:* CIL module *
 0001:00003870       ??_E?$basic_filebuf@DU?$char_traits@D@std@@@std@@UEAAPEAXI@Z 0000000180004870 f i * CIL library *:* CIL module *
 0001:00003870       ??_G?$basic_filebuf@DU?$char_traits@D@std@@@std@@UEAAPEAXI@Z 0000000180004870 f i addon.obj
 0001:000038b0       ??_E?$basic_ostream@DU?$char_traits@D@std@@@std@@UEAAPEAXI@Z 00000001800048b0 f i * CIL library *:* CIL module *
 0001:000038b0       ??_G?$basic_ostream@DU?$char_traits@D@std@@@std@@UEAAPEAXI@Z 00000001800048b0 f i addon.obj
 0001:00003920       ??_E?$basic_istream@DU?$char_traits@D@std@@@std@@UEAAPEAXI@Z 0000000180004920 f i * CIL library *:* CIL module *
 0001:00003920       ??_G?$basic_istream@DU?$char_traits@D@std@@@std@@UEAAPEAXI@Z 0000000180004920 f i addon.obj
 0001:00003990       ??_E?$basic_streambuf@DU?$char_traits@D@std@@@std@@UEAAPEAXI@Z 0000000180004990 f i * CIL library *:* CIL module *
 0001:00003990       ??_G?$basic_streambuf@DU?$char_traits@D@std@@@std@@UEAAPEAXI@Z 0000000180004990 f i addon.obj
 0001:00003a10       ??_Glocale@std@@QEAAPEAXI@Z 0000000180004a10 f i addon.obj
 0001:00003a70       ??_E?$basic_ios@DU?$char_traits@D@std@@@std@@UEAAPEAXI@Z 0000000180004a70 f i * CIL library *:* CIL module *
 0001:00003a70       ??_G?$basic_ios@DU?$char_traits@D@std@@@std@@UEAAPEAXI@Z 0000000180004a70 f i addon.obj
 0001:00003ab0       ?do_length@?$codecvt@DDU_Mbstatet@@@std@@MEBAHAEAU_Mbstatet@@PEBD1_K@Z 0000000180004ab0 f i addon.obj
 0001:00003ad0       ?do_unshift@?$codecvt@DDU_Mbstatet@@@std@@MEBAHAEAU_Mbstatet@@PEAD1AEAPEAD@Z 0000000180004ad0 f i addon.obj
 0001:00003ae0       ?do_in@?$codecvt@DDU_Mbstatet@@@std@@MEBAHAEAU_Mbstatet@@PEBD1AEAPEBDPEAD3AEAPEAD@Z 0000000180004ae0 f i addon.obj
 0001:00003ae0       ?do_out@?$codecvt@DDU_Mbstatet@@@std@@MEBAHAEAU_Mbstatet@@PEBD1AEAPEBDPEAD3AEAPEAD@Z 0000000180004ae0 f i addon.obj
 0001:00003b00       ?do_always_noconv@?$codecvt@DDU_Mbstatet@@@std@@MEBA_NXZ 0000000180004b00 f i addon.obj
 0001:00003b00       __acrt_uninitialize_command_line 0000000180004b00 f i libucrt:argv_data.obj
 0001:00003b10       ??0sentry@?$basic_ostream@DU?$char_traits@D@std@@@std@@QEAA@AEAV12@@Z 0000000180004b10 f i addon.obj
 0001:00003b80       ?do_put@?$num_put@DV?$ostreambuf_iterator@DU?$char_traits@D@std@@@std@@@std@@MEBA?AV?$ostreambuf_iterator@DU?$char_traits@D@std@@@2@V32@AEAVios_base@2@DPEBX@Z 0000000180004b80 f i addon.obj
 0001:00003c20       ?do_put@?$num_put@DV?$ostreambuf_iterator@DU?$char_traits@D@std@@@std@@@std@@MEBA?AV?$ostreambuf_iterator@DU?$char_traits@D@std@@@2@V32@AEAVios_base@2@DO@Z 0000000180004c20 f i addon.obj
 0001:00003ea0       ?do_put@?$num_put@DV?$ostreambuf_iterator@DU?$char_traits@D@std@@@std@@@std@@MEBA?AV?$ostreambuf_iterator@DU?$char_traits@D@std@@@2@V32@AEAVios_base@2@DN@Z 0000000180004ea0 f i addon.obj
 0001:00004120       ?do_put@?$num_put@DV?$ostreambuf_iterator@DU?$char_traits@D@std@@@std@@@std@@MEBA?AV?$ostreambuf_iterator@DU?$char_traits@D@std@@@2@V32@AEAVios_base@2@D_K@Z 0000000180005120 f i addon.obj
 0001:00004220       ?do_put@?$num_put@DV?$ostreambuf_iterator@DU?$char_traits@D@std@@@std@@@std@@MEBA?AV?$ostreambuf_iterator@DU?$char_traits@D@std@@@2@V32@AEAVios_base@2@D_J@Z 0000000180005220 f i addon.obj
 0001:00004320       ?do_put@?$num_put@DV?$ostreambuf_iterator@DU?$char_traits@D@std@@@std@@@std@@MEBA?AV?$ostreambuf_iterator@DU?$char_traits@D@std@@@2@V32@AEAVios_base@2@DK@Z 0000000180005320 f i addon.obj
 0001:00004420       ?do_put@?$num_put@DV?$ostreambuf_iterator@DU?$char_traits@D@std@@@std@@@std@@MEBA?AV?$ostreambuf_iterator@DU?$char_traits@D@std@@@2@V32@AEAVios_base@2@DJ@Z 0000000180005420 f i addon.obj
 0001:00004520       ?do_put@?$num_put@DV?$ostreambuf_iterator@DU?$char_traits@D@std@@@std@@@std@@MEBA?AV?$ostreambuf_iterator@DU?$char_traits@D@std@@@2@V32@AEAVios_base@2@D_N@Z 0000000180005520 f i addon.obj
 0001:00004a10       ?erase@?$basic_string@DU?$char_traits@D@std@@V?$allocator@D@2@@std@@QEAAAEAV12@_K0@Z 0000000180005a10 f i addon.obj
 0001:00004ae0       ?assign@?$basic_string@DU?$char_traits@D@std@@V?$allocator@D@2@@std@@QEAAAEAV12@_KD@Z 0000000180005ae0 f i addon.obj
 0001:00004bf0       ?assign@?$basic_string@DU?$char_traits@D@std@@V?$allocator@D@2@@std@@QEAAAEAV12@PEBD_K@Z 0000000180005bf0 f i addon.obj
 0001:00004d30       ?assign@?$basic_string@DU?$char_traits@D@std@@V?$allocator@D@2@@std@@QEAAAEAV12@AEBV12@_K1@Z 0000000180005d30 f i addon.obj
 0001:00004e60       ?append@?$basic_string@DU?$char_traits@D@std@@V?$allocator@D@2@@std@@QEAAAEAV12@_KD@Z 0000000180005e60 f i addon.obj
 0001:00004f70       ?append@?$basic_string@DU?$char_traits@D@std@@V?$allocator@D@2@@std@@QEAAAEAV12@PEBD_K@Z 0000000180005f70 f i addon.obj
 0001:000050c0       ?append@?$basic_string@DU?$char_traits@D@std@@V?$allocator@D@2@@std@@QEAAAEAV12@AEBV12@_K1@Z 00000001800060c0 f i addon.obj
 0001:000051f0       ?_Set_back@?$basic_filebuf@DU?$char_traits@D@std@@@std@@AEAAXXZ 00000001800061f0 f i addon.obj
 0001:00005240       ?_Reset_back@?$basic_filebuf@DU?$char_traits@D@std@@@std@@AEAAXXZ 0000000180006240 f i addon.obj
 0001:00005270       ?_Initcvt@?$basic_filebuf@DU?$char_traits@D@std@@@std@@IEAAXPEBV?$codecvt@DDU_Mbstatet@@@2@@Z 0000000180006270 f i addon.obj
 0001:00005310       ?_Endwrite@?$basic_filebuf@DU?$char_traits@D@std@@@std@@IEAA_NXZ 0000000180006310 f i addon.obj
 0001:000055d0       ?_Init@?$basic_filebuf@DU?$char_traits@D@std@@@std@@IEAAXPEAU_iobuf@@W4_Initfl@12@@Z 00000001800065d0 f i addon.obj
 0001:000056c0       ?close@?$basic_filebuf@DU?$char_traits@D@std@@@std@@QEAAPEAV12@XZ 00000001800066c0 f i addon.obj
 0001:00005790       ?open@?$basic_filebuf@DU?$char_traits@D@std@@@std@@QEAAPEAV12@PEBDHH@Z 0000000180006790 f i addon.obj
 0001:00005840       ??0?$basic_ostream@DU?$char_traits@D@std@@@std@@QEAA@PEAV?$basic_streambuf@DU?$char_traits@D@std@@@1@_N@Z 0000000180006840 f i addon.obj
 0001:000058b0       ?_Pnavail@?$basic_streambuf@DU?$char_traits@D@std@@@std@@IEBA_JXZ 00000001800068b0 f i addon.obj
 0001:000058d0       ?_Gnavail@?$basic_streambuf@DU?$char_traits@D@std@@@std@@IEBA_JXZ 00000001800068d0 f i addon.obj
 0001:000058f0       ??_G?$num_put@DV?$ostreambuf_iterator@DU?$char_traits@D@std@@@std@@@std@@MEAAPEAXI@Z 00000001800068f0 f i addon.obj
 0001:000058f0       ??_E?$codecvt@DDU_Mbstatet@@@std@@MEAAPEAXI@Z 00000001800068f0 f i * CIL library *:* CIL module *
 0001:000058f0       ??_G?$codecvt@DDU_Mbstatet@@@std@@MEAAPEAXI@Z 00000001800068f0 f i addon.obj
 0001:000058f0       ??_E?$num_put@DV?$ostreambuf_iterator@DU?$char_traits@D@std@@@std@@@std@@MEAAPEAXI@Z 00000001800068f0 f i * CIL library *:* CIL module *
 0001:00005920       ?do_truename@?$numpunct@D@std@@MEBA?AV?$basic_string@DU?$char_traits@D@std@@V?$allocator@D@2@@2@XZ 0000000180006920 f i addon.obj
 0001:00005970       ?do_falsename@?$numpunct@D@std@@MEBA?AV?$basic_string@DU?$char_traits@D@std@@V?$allocator@D@2@@2@XZ 0000000180006970 f i addon.obj
 0001:000059c0       ?do_grouping@?$numpunct@D@std@@MEBA?AV?$basic_string@DU?$char_traits@D@std@@V?$allocator@D@2@@2@XZ 00000001800069c0 f i addon.obj
 0001:00005a10       ?do_thousands_sep@?$numpunct@D@std@@MEBADXZ 0000000180006a10 f i addon.obj
 0001:00005a20       ?do_decimal_point@?$numpunct@D@std@@MEBADXZ 0000000180006a20 f i addon.obj
 0001:00005a30       ?_Iput@?$num_put@DV?$ostreambuf_iterator@DU?$char_traits@D@std@@@std@@@std@@AEBA?AV?$ostreambuf_iterator@DU?$char_traits@D@std@@@2@V32@AEAVios_base@2@DPEAD_K@Z 0000000180006a30 f i addon.obj
 0001:00006220       ?_Fput@?$num_put@DV?$ostreambuf_iterator@DU?$char_traits@D@std@@@std@@@std@@AEBA?AV?$ostreambuf_iterator@DU?$char_traits@D@std@@@2@V32@AEAVios_base@2@DPEBD_K@Z 0000000180007220 f i addon.obj
 0001:00006aa0       ?deallocate@?$_Wrap_alloc@V?$allocator@D@std@@@std@@QEAAXPEAD_K@Z 0000000180007aa0 f i addon.obj
 0001:00006b00       ?assign@?$basic_string@DU?$char_traits@D@std@@V?$allocator@D@2@@std@@QEAAAEAV12@$$QEAV12@@Z 0000000180007b00 f i addon.obj
 0001:00006c00       ?flush@?$basic_ostream@DU?$char_traits@D@std@@@std@@QEAAAEAV12@XZ 0000000180007c00 f i addon.obj
 0001:00006cf0       ??0?$basic_streambuf@DU?$char_traits@D@std@@@std@@IEAA@XZ 0000000180007cf0 f i addon.obj
 0001:00006d90       ?init@?$basic_ios@DU?$char_traits@D@std@@@std@@IEAAXPEAV?$basic_streambuf@DU?$char_traits@D@std@@@2@_N@Z 0000000180007d90 f i addon.obj
 0001:00006e60       ??_G?$numpunct@D@std@@MEAAPEAXI@Z 0000000180007e60 f i addon.obj
 0001:00006e60       ??_E?$numpunct@D@std@@MEAAPEAXI@Z 0000000180007e60 f i * CIL library *:* CIL module *
 0001:00006ec0       ?_Copy@?$basic_string@DU?$char_traits@D@std@@V?$allocator@D@2@@std@@QEAAX_K0@Z 0000000180007ec0 f i addon.obj
 0001:00007050       ?widen@?$basic_ios@DU?$char_traits@D@std@@@std@@QEBADD@Z 0000000180008050 f i addon.obj
 0001:000070f0       ??$use_facet@V?$ctype@D@std@@@std@@YAAEBV?$ctype@D@0@AEBVlocale@0@@Z 00000001800080f0 f i addon.obj
 0001:00007220       ??$_Immortalize@V_Iostream_error_category@std@@@std@@YAAEAV_Iostream_error_category@0@XZ 0000000180008220 f i addon.obj
 0001:000072a0       ??$?6U?$char_traits@D@std@@@std@@YAAEAV?$basic_ostream@DU?$char_traits@D@std@@@0@AEAV10@PEBD@Z 00000001800082a0 f i addon.obj
 0001:000074f0       ??$use_facet@V?$codecvt@DDU_Mbstatet@@@std@@@std@@YAAEBV?$codecvt@DDU_Mbstatet@@@0@AEBVlocale@0@@Z 00000001800084f0 f i addon.obj
 0001:00007670       ??$use_facet@V?$num_put@DV?$ostreambuf_iterator@DU?$char_traits@D@std@@@std@@@std@@@std@@YAAEBV?$num_put@DV?$ostreambuf_iterator@DU?$char_traits@D@std@@@std@@@0@AEBVlocale@0@@Z 0000000180008670 f i addon.obj
 0001:000077f0       ??$use_facet@V?$numpunct@D@std@@@std@@YAAEBV?$numpunct@D@0@AEBVlocale@0@@Z 00000001800087f0 f i addon.obj
 0001:00007920       ?_Getcat@?$numpunct@D@std@@SA_KPEAPEBVfacet@locale@2@PEBV42@@Z 0000000180008920 f i addon.obj
 0001:000079e0       ?put@?$basic_ostream@DU?$char_traits@D@std@@@std@@QEAAAEAV12@D@Z 00000001800089e0 f i addon.obj
 0001:00007b30       ?_Init@?$numpunct@D@std@@IEAAXAEBV_Locinfo@2@_N@Z 0000000180008b30 f i addon.obj
 0001:00007ca4       ??_E?$basic_istream@DU?$char_traits@D@std@@@std@@$4PPPPPPPM@A@EAAPEAXI@Z 0000000180008ca4 f i addon.obj
 0001:00007cb0       ??_E?$basic_ofstream@DU?$char_traits@D@std@@@std@@$4PPPPPPPM@A@EAAPEAXI@Z 0000000180008cb0 f i addon.obj
 0001:00007cbc       ??_E?$basic_ostream@DU?$char_traits@D@std@@@std@@$4PPPPPPPM@A@EAAPEAXI@Z 0000000180008cbc f i addon.obj
 0001:00007cc8       ??_E?$basic_ifstream@DU?$char_traits@D@std@@@std@@$4PPPPPPPM@A@EAAPEAXI@Z 0000000180008cc8 f i addon.obj
 0001:00007d2c       __imp_load_?Value@External@v8@@QEBAPEAXXZ 0000000180008d2c f   node:node.exe
 0001:00007d38       __tailMerge_node_exe       0000000180008d38 f i node:node.exe
 0001:00007db1       __imp_load_?New@External@v8@@SA?AV?$Local@VExternal@v8@@@2@PEAVIsolate@2@PEAX@Z 0000000180008db1 f   node:node.exe
 0001:00007dbd       __imp_load_?ThrowException@Isolate@v8@@QEAA?AV?$Local@VValue@v8@@@2@V32@@Z 0000000180008dbd f   node:node.exe
 0001:00007dc9       __imp_load_?GetCurrentContext@Isolate@v8@@QEAA?AV?$Local@VContext@v8@@@2@XZ 0000000180008dc9 f   node:node.exe
 0001:00007dd5       __imp_load_?GetCurrent@Isolate@v8@@SAPEAV12@XZ 0000000180008dd5 f   node:node.exe
 0001:00007de1       __imp_load_?CreateHandle@HandleScope@v8@@KAPEAPEAVObject@internal@2@PEAVIsolate@42@PEAV342@@Z 0000000180008de1 f   node:node.exe
 0001:00007ded       __imp_load_?CreateHandle@HandleScope@v8@@CAPEAPEAVObject@internal@2@PEAVHeapObject@42@PEAV342@@Z 0000000180008ded f   node:node.exe
 0001:00007df9       __imp_load_??1HandleScope@v8@@QEAA@XZ 0000000180008df9 f   node:node.exe
 0001:00007e05       __imp_load_??0HandleScope@v8@@QEAA@PEAVIsolate@1@@Z 0000000180008e05 f   node:node.exe
 0001:00007e11       __imp_load_?TypeError@Exception@v8@@SA?AV?$Local@VValue@v8@@@2@V?$Local@VString@v8@@@2@@Z 0000000180008e11 f   node:node.exe
 0001:00007e1d       __imp_load_?GetFunction@FunctionTemplate@v8@@QEAA?AV?$MaybeLocal@VFunction@v8@@@2@V?$Local@VContext@v8@@@2@@Z 0000000180008e1d f   node:node.exe
 0001:00007e29       __imp_load_?New@FunctionTemplate@v8@@SA?AV?$Local@VFunctionTemplate@v8@@@2@PEAVIsolate@2@P6AXAEBV?$FunctionCallbackInfo@VValue@v8@@@2@@ZV?$Local@VValue@v8@@@2@V?$Local@VSignature@v8@@@2@H@Z 0000000180008e29 f   node:node.exe
 0001:00007e35       __imp_load_?ToLocalEmpty@V8@v8@@CAXXZ 0000000180008e35 f   node:node.exe
 0001:00007e41       __imp_load_?Escape@EscapableHandleScope@v8@@AEAAPEAPEAVObject@internal@2@PEAPEAV342@@Z 0000000180008e41 f   node:node.exe
 0001:00007e4d       __imp_load_??0EscapableHandleScope@v8@@QEAA@PEAVIsolate@1@@Z 0000000180008e4d f   node:node.exe
 0001:00007e59       __imp_load_?NewFromUtf8@String@v8@@SA?AV?$MaybeLocal@VString@v8@@@2@PEAVIsolate@2@PEBDW4NewStringType@2@H@Z 0000000180008e59 f   node:node.exe
 0001:00007e65       __imp_load_?WriteUtf8@String@v8@@QEBAHPEADHPEAHH@Z 0000000180008e65 f   node:node.exe
 0001:00007e71       __imp_load_?Length@String@v8@@QEBAHXZ 0000000180008e71 f   node:node.exe
 0001:00007e7d       __imp_load_?SlowGetInternalField@Object@v8@@AEAA?AV?$Local@VValue@v8@@@2@H@Z 0000000180008e7d f   node:node.exe
 0001:00007e89       __imp_load_?SetInternalField@Object@v8@@QEAAXHV?$Local@VValue@v8@@@2@@Z 0000000180008e89 f   node:node.exe
 0001:00007e95       __imp_load_?Set@Object@v8@@QEAA?AV?$Maybe@_N@2@V?$Local@VContext@v8@@@2@V?$Local@VValue@v8@@@2@1@Z 0000000180008e95 f   node:node.exe
 0001:00007ea1       __imp_load_?SetInternalFieldCount@ObjectTemplate@v8@@QEAAXH@Z 0000000180008ea1 f   node:node.exe
 0001:00007ead       __imp_load_?NewInstance@ObjectTemplate@v8@@QEAA?AV?$MaybeLocal@VObject@v8@@@2@V?$Local@VContext@v8@@@2@@Z 0000000180008ead f   node:node.exe
 0001:00007eb9       __imp_load_?New@ObjectTemplate@v8@@SA?AV?$Local@VObjectTemplate@v8@@@2@PEAVIsolate@2@V?$Local@VFunctionTemplate@v8@@@2@@Z 0000000180008eb9 f   node:node.exe
 0001:00007ec5       __imp_load_node_module_register 0000000180008ec5 f   node:node.exe
 0001:00007ed1       __imp_load_?HasInstance@Buffer@node@@YA_NV?$Local@VValue@v8@@@v8@@@Z 0000000180008ed1 f   node:node.exe
 0001:00007edd       __imp_load_?New@Buffer@node@@YA?AV?$MaybeLocal@VObject@v8@@@v8@@PEAVIsolate@4@PEAD_K@Z 0000000180008edd f   node:node.exe
 0001:00007ee9       __imp_load_?Data@Buffer@node@@YAPEADV?$Local@VObject@v8@@@v8@@@Z 0000000180008ee9 f   node:node.exe
 0001:00007ef5       __imp_load_?Length@Buffer@node@@YA_KV?$Local@VValue@v8@@@v8@@@Z 0000000180008ef5 f   node:node.exe
 0001:00007f01       __imp_load_?ToObject@Value@v8@@QEBA?AV?$Local@VObject@v8@@@2@XZ 0000000180008f01 f   node:node.exe
 0001:00007f0d       __imp_load_?ToString@Value@v8@@QEBA?AV?$Local@VString@v8@@@2@XZ 0000000180008f0d f   node:node.exe
 0001:00007f1c       ??0_Init_locks@std@@QEAA@XZ 0000000180008f1c f   libcpmt:xlock.obj
 0001:00007f68       ??0_Lockit@std@@QEAA@H@Z   0000000180008f68 f   libcpmt:xlock.obj
 0001:00007fa4       ??1_Init_locks@std@@QEAA@XZ 0000000180008fa4 f   libcpmt:xlock.obj
 0001:00007fe8       ??1_Lockit@std@@QEAA@XZ    0000000180008fe8 f   libcpmt:xlock.obj
 0001:0000801c       ??0_Init_cout@std@@QEAA@XZ 000000018000901c f i libcpmt:cout.obj
 0001:00008088       ??0exception@std@@QEAA@AEBV01@@Z 0000000180009088 f i libcpmt:cout.obj
 0001:000080c0       ??_Elength_error@std@@UEAAPEAXI@Z 00000001800090c0 f i libcpmt:xthrow.obj
 0001:000080c0       ??_Glogic_error@std@@UEAAPEAXI@Z 00000001800090c0 f i libcpmt:xthrow.obj
 0001:000080c0       ??_Gexception@std@@UEAAPEAXI@Z 00000001800090c0 f i libcpmt:cout.obj
 0001:000080c0       ??_Elogic_error@std@@UEAAPEAXI@Z 00000001800090c0 f i libcpmt:xthrow.obj
 0001:000080c0       ??_Eexception@std@@UEAAPEAXI@Z 00000001800090c0 f i libcpmt:cout.obj
 0001:000080c0       ??_Glength_error@std@@UEAAPEAXI@Z 00000001800090c0 f i libcpmt:xthrow.obj
 0001:000080c0       ??_Ebad_exception@std@@UEAAPEAXI@Z 00000001800090c0 f i libvcruntime:frame.obj
 0001:000080c0       ??_Ebad_alloc@std@@UEAAPEAXI@Z 00000001800090c0 f i libcpmt:xthrow.obj
 0001:000080c0       ??_Gbad_exception@std@@UEAAPEAXI@Z 00000001800090c0 f i libvcruntime:frame.obj
 0001:000080c0       ??_Gout_of_range@std@@UEAAPEAXI@Z 00000001800090c0 f i libcpmt:xthrow.obj
 0001:000080c0       ??_Gbad_array_new_length@std@@UEAAPEAXI@Z 00000001800090c0 f i LIBCMT:throw_bad_alloc.obj
 0001:000080c0       ??_Eout_of_range@std@@UEAAPEAXI@Z 00000001800090c0 f i libcpmt:xthrow.obj
 0001:000080c0       ??_Gbad_alloc@std@@UEAAPEAXI@Z 00000001800090c0 f i libcpmt:xthrow.obj
 0001:000080c0       ??_Ebad_array_new_length@std@@UEAAPEAXI@Z 00000001800090c0 f i LIBCMT:throw_bad_alloc.obj
 0001:00008104       ?what@exception@std@@UEBAPEBDXZ 0000000180009104 f i libcpmt:cout.obj
 0001:00008118       ??4?$_Yarn@D@std@@QEAAAEAV01@PEBD@Z 0000000180009118 f i libcpmt:locale0.obj
 0001:00008190       ??_G_Fac_node@std@@QEAAPEAXI@Z 0000000180009190 f i libcpmt:locale0.obj
 0001:0000821c       ??_E_Locimp@locale@std@@MEAAPEAXI@Z 000000018000921c f i libcpmt:locale0.obj
 0001:0000821c       ??_G_Locimp@locale@std@@MEAAPEAXI@Z 000000018000921c f i libcpmt:locale0.obj
 0001:00008288       ?_Facet_Register@std@@YAXPEAV_Facet_base@1@@Z 0000000180009288 f   libcpmt:locale0.obj
 0001:000082c0       ?_Getgloballocale@locale@std@@CAPEAV_Locimp@12@XZ 00000001800092c0 f   libcpmt:locale0.obj
 0001:000082c8       ?_Init@locale@std@@CAPEAV_Locimp@12@_N@Z 00000001800092c8 f   libcpmt:locale0.obj
 0001:00008384       ?_Locimp_dtor@_Locimp@locale@std@@CAXPEAV123@@Z 0000000180009384 f   libcpmt:locale0.obj
 0001:0000842c       ?_Locinfo_ctor@_Locinfo@std@@SAXPEAV12@PEBD@Z 000000018000942c f   libcpmt:locale0.obj
 0001:00008498       ?_Locinfo_dtor@_Locinfo@std@@SAXPEAV12@@Z 0000000180009498 f   libcpmt:locale0.obj
 0001:000084bc       ?_New_Locimp@_Locimp@locale@std@@CAPEAV123@_N@Z 00000001800094bc f   libcpmt:locale0.obj
 0001:0000852c       ?_Setgloballocale@locale@std@@CAXPEAX@Z 000000018000952c f   libcpmt:locale0.obj
 0001:00008560       _Deletegloballocale        0000000180009560 f   libcpmt:locale0.obj
 0001:000085e8       ??0bad_alloc@std@@QEAA@AEBV01@@Z 00000001800095e8 f i libcpmt:xthrow.obj
 0001:00008628       ??0bad_alloc@std@@QEAA@XZ  0000000180009628 f i libcpmt:xthrow.obj
 0001:00008648       ??0length_error@std@@QEAA@AEBV01@@Z 0000000180009648 f i libcpmt:xthrow.obj
 0001:00008688       ??0length_error@std@@QEAA@PEBD@Z 0000000180009688 f i libcpmt:xthrow.obj
 0001:000086d4       ??0logic_error@std@@QEAA@AEBV01@@Z 00000001800096d4 f i libcpmt:xthrow.obj
 0001:00008714       ??0out_of_range@std@@QEAA@AEBV01@@Z 0000000180009714 f i libcpmt:xthrow.obj
 0001:00008754       ??0out_of_range@std@@QEAA@PEBD@Z 0000000180009754 f i libcpmt:xthrow.obj
 0001:000087a0       ??1out_of_range@std@@UEAA@XZ 00000001800097a0 f i libcpmt:xthrow.obj
 0001:000087a0       ??1bad_alloc@std@@UEAA@XZ  00000001800097a0 f i libcpmt:xthrow.obj
 0001:000087a0       ??1length_error@std@@UEAA@XZ 00000001800097a0 f i libcpmt:xthrow.obj
 0001:000087a0       ??1bad_array_new_length@std@@UEAA@XZ 00000001800097a0 f i LIBCMT:throw_bad_alloc.obj
 0001:000087a0       ??1bad_exception@std@@UEAA@XZ 00000001800097a0 f i libvcruntime:frame.obj
 0001:000087b4       ?__scrt_throw_std_bad_alloc@@YAXXZ 00000001800097b4 f   LIBCMT:throw_bad_alloc.obj
 0001:000087b4       ?_Xbad_alloc@std@@YAXXZ    00000001800097b4 f   libcpmt:xthrow.obj
 0001:000087d4       ?_Xlength_error@std@@YAXPEBD@Z 00000001800097d4 f   libcpmt:xthrow.obj
 0001:000087f8       ?_Xout_of_range@std@@YAXPEBD@Z 00000001800097f8 f   libcpmt:xthrow.obj
 0001:0000881c       ?_Addstd@ios_base@std@@SAXPEAV12@@Z 000000018000981c f   libcpmt:ios.obj
 0001:0000888c       ?_Ios_base_dtor@ios_base@std@@CAXPEAV12@@Z 000000018000988c f   libcpmt:ios.obj
 0001:000088d0       ?_Tidy@ios_base@std@@AEAAXXZ 00000001800098d0 f i libcpmt:ios.obj
 0001:00008960       ??$_Xfiopen@D@std@@YAPEAU_iobuf@@PEBDHH@Z 0000000180009960 f i libcpmt:fiopen.obj
 0001:00008a5c       ?_Fiopen@std@@YAPEAU_iobuf@@PEBDHH@Z 0000000180009a5c f   libcpmt:fiopen.obj
 0001:00008a64       ?_Syserror_map@std@@YAPEBDH@Z 0000000180009a64 f   libcpmt:syserror.obj
 0001:00008a8c       _Getctype                  0000000180009a8c f   libcpmt:_tolower.obj
 0001:00008b4c       _Tolower                   0000000180009b4c f   libcpmt:_tolower.obj
 0001:00008c74       _Getcvt                    0000000180009c74 f   libcpmt:xwctomb.obj
 0001:00008d04       _Toupper                   0000000180009d04 f   libcpmt:_toupper.obj
 0001:00008e3c       _Mtxdst                    0000000180009e3c f   libcpmt:xmtx.obj
 0001:00008e44       _Mtxinit                   0000000180009e44 f   libcpmt:xmtx.obj
 0001:00008e54       _Mtxlock                   0000000180009e54 f   libcpmt:xmtx.obj
 0001:00008e5c       _Mtxunlock                 0000000180009e5c f   libcpmt:xmtx.obj
 0001:00008e64       ?_Atexit@@YAXP6AXXZ@Z      0000000180009e64 f   libcpmt:iosptrs.obj
 0001:00008ea4       __crtLCMapStringA          0000000180009ea4 f   libcpmt:StlLCMapStringA.obj
 0001:00009668       __crtInitializeCriticalSectionEx 000000018000a668 f   libcpmt:winapisupp.obj
 0001:000096c8       GetTableIndexFromLocaleName 000000018000a6c8 f   libcpmt:winapinls.obj
 0001:00009754       __crtDownlevelLocaleNameToLCID 000000018000a754 f   libcpmt:winapinls.obj
 0001:00009788       __crtLCMapStringEx         000000018000a788 f   libcpmt:winapinls.obj
 0001:00009844       __wcsnicmp_ascii           000000018000a844 f   libcpmt:winapinls.obj
 0001:000098b0       __security_check_cookie    000000018000a8b0 f   LIBCMT:_amdsecgs_.obj
 0001:00009a1c       _Init_thread_footer        000000018000aa1c f   LIBCMT:thread_safe_statics.obj
 0001:00009a7c       _Init_thread_header        000000018000aa7c f   LIBCMT:thread_safe_statics.obj
 0001:00009ae4       _Init_thread_notify        000000018000aae4 f   LIBCMT:thread_safe_statics.obj
 0001:00009b40       _Init_thread_wait          000000018000ab40 f   LIBCMT:thread_safe_statics.obj
 0001:00009bd8       ??2@YAPEAX_K@Z             000000018000abd8 f   LIBCMT:new_scalar.obj
 0001:00009c14       __scrt_acquire_startup_lock 000000018000ac14 f   LIBCMT:utility.obj
 0001:00009c50       __scrt_dllmain_after_initialize_c 000000018000ac50 f   LIBCMT:utility.obj
 0001:00009c70       __scrt_dllmain_before_initialize_c 000000018000ac70 f   LIBCMT:utility.obj
 0001:00009c88       __scrt_dllmain_crt_thread_attach 000000018000ac88 f   LIBCMT:utility.obj
 0001:00009cb0       __scrt_dllmain_crt_thread_detach 000000018000acb0 f   LIBCMT:utility.obj
 0001:00009cc8       __scrt_dllmain_exception_filter 000000018000acc8 f   LIBCMT:utility.obj
 0001:00009d2c       __scrt_dllmain_uninitialize_c 000000018000ad2c f   LIBCMT:utility.obj
 0001:00009d5c       __scrt_dllmain_uninitialize_critical 000000018000ad5c f   LIBCMT:utility.obj
 0001:00009d70       __scrt_initialize_crt      000000018000ad70 f   LIBCMT:utility.obj
 0001:00009dbc       __scrt_initialize_onexit_tables 000000018000adbc f   LIBCMT:utility.obj
 0001:00009e88       __scrt_is_nonwritable_in_current_image 000000018000ae88 f   LIBCMT:utility.obj
 0001:00009f24       __scrt_release_startup_lock 000000018000af24 f   LIBCMT:utility.obj
 0001:00009f48       __scrt_uninitialize_crt    000000018000af48 f   LIBCMT:utility.obj
 0001:00009f74       _onexit                    000000018000af74 f   LIBCMT:utility.obj
 0001:00009fc4       atexit                     000000018000afc4 f   LIBCMT:utility.obj
 0001:00009fdc       ??3@YAXPEAX@Z              000000018000afdc f   LIBCMT:delete_scalar.obj
 0001:00009fe4       ??3@YAXPEAX_K@Z            000000018000afe4 f   LIBCMT:delete_scalar_size.obj
 0001:00009fe4       ??_V@YAXPEAX@Z             000000018000afe4 f   LIBCMT:delete_array.obj
 0001:00009fec       ??_U@YAPEAX_K@Z            000000018000afec f   LIBCMT:new_array.obj
 0001:0000a350       _DllMainCRTStartup         000000018000b350 f   LIBCMT:dll_dllmain.obj
 0001:0000a390       __GSHandlerCheck           000000018000b390 f   LIBCMT:_gshandler_.obj
 0001:0000a3b0       __GSHandlerCheckCommon     000000018000b3b0 f   LIBCMT:_gshandler_.obj
 0001:0000a40c       _guard_check_icall         000000018000b40c f i LIBCMT:checkcfg.obj
 0001:0000a414       ??_Gtype_info@@UEAAPEAXI@Z 000000018000b414 f i LIBCMT:std_type_info_static.obj
 0001:0000a414       ??_Etype_info@@UEAAPEAXI@Z 000000018000b414 f i LIBCMT:std_type_info_static.obj
 0001:0000a450       _alloca_probe              000000018000b450 f   LIBCMT:_chkstk_.obj
 0001:0000a450       __chkstk                   000000018000b450 f   LIBCMT:_chkstk_.obj
 0001:0000a4a4       __raise_securityfailure    000000018000b4a4 f   LIBCMT:gs_report.obj
 0001:0000a4d8       __report_gsfailure         000000018000b4d8 f   LIBCMT:gs_report.obj
 0001:0000a5ac       __report_rangecheckfailure 000000018000b5ac f   LIBCMT:gs_report.obj
 0001:0000a5c0       __report_securityfailure   000000018000b5c0 f   LIBCMT:gs_report.obj
 0001:0000a740       __crt_debugger_hook        000000018000b740 f   LIBCMT:utility_desktop.obj
 0001:0000a748       __scrt_fastfail            000000018000b748 f   LIBCMT:utility_desktop.obj
 0001:0000a890       ??0bad_array_new_length@std@@QEAA@AEBV01@@Z 000000018000b890 f i LIBCMT:throw_bad_alloc.obj
 0001:0000a8d0       ??0bad_array_new_length@std@@QEAA@XZ 000000018000b8d0 f i LIBCMT:throw_bad_alloc.obj
 0001:0000a8f0       ?__scrt_throw_std_bad_array_new_length@@YAXXZ 000000018000b8f0 f   LIBCMT:throw_bad_alloc.obj
 0001:0000a910       __isa_available_init       000000018000b910 f   LIBCMT:_cpu_disp_.obj
 0001:0000aad4       __scrt_is_ucrt_dll_in_use  000000018000bad4 f   LIBCMT:ucrt_detection.obj
 0001:0000aae0       __security_init_cookie     000000018000bae0 f   LIBCMT:gs_support.obj
 0001:0000ab8c       ?__scrt_initialize_type_info@@YAXXZ 000000018000bb8c f   LIBCMT:tncleanup.obj
 0001:0000ab9c       ?__scrt_uninitialize_type_info@@YAXXZ 000000018000bb9c f   LIBCMT:tncleanup.obj
 0001:0000aba8       __local_stdio_scanf_options 000000018000bba8 f i LIBCMT:default_local_stdio_options.obj
 0001:0000abb0       __scrt_initialize_default_local_stdio_options 000000018000bbb0 f   LIBCMT:default_local_stdio_options.obj
 0001:0000abcc       __scrt_get_dyn_tls_init_callback 000000018000bbcc f   LIBCMT:dyn_tls_init.obj
 0001:0000abd4       _RTC_Initialize            000000018000bbd4 f   LIBCMT:_initsect_.obj
 0001:0000ac20       _RTC_Terminate             000000018000bc20 f   LIBCMT:_initsect_.obj
 0001:0000ac80       memmove                    000000018000bc80 f   libvcruntime:memcpy.obj
 0001:0000ac80       memcpy                     000000018000bc80 f   libvcruntime:memcpy.obj
 0001:0000b0b8       _purecall                  000000018000c0b8 f   libvcruntime:purevirt.obj
 0001:0000b0f4       __DestructExceptionObject  000000018000c0f4 f   libvcruntime:frame.obj
 0001:0000b17c       ??0bad_exception@std@@QEAA@AEBV01@@Z 000000018000c17c f i libvcruntime:frame.obj
 0001:0000b1bc       ??0bad_exception@std@@QEAA@XZ 000000018000c1bc f i libvcruntime:frame.obj
 0001:0000bb04       ?_CallMemberFunction0@@YAXPEAXP6AX0@Z@Z 000000018000cb04 f i libvcruntime:frame.obj
 0001:0000bb08       ?_CallMemberFunction1@@YAXPEAXP6AX0@Z0@Z 000000018000cb08 f i libvcruntime:frame.obj
 0001:0000bb14       ?_CallMemberFunction2@@YAXPEAXP6AX0@Z0H@Z 000000018000cb14 f i libvcruntime:frame.obj
 0001:0000bb24       __AdjustPointer            000000018000cb24 f   libvcruntime:frame.obj
 0001:0000bb48       __BuildCatchObject         000000018000cb48 f   libvcruntime:frame.obj
 0001:0000bc10       __BuildCatchObjectHelper   000000018000cc10 f   libvcruntime:frame.obj
 0001:0000bdf4       __CxxCallCatchBlock        000000018000cdf4 f   libvcruntime:frame.obj
 0001:0000bfe0       __FrameUnwindFilter        000000018000cfe0 f   libvcruntime:frame.obj
 0001:0000c02c       __FrameUnwindToState       000000018000d02c f   libvcruntime:frame.obj
 0001:0000c1c0       __InternalCxxFrameHandler  000000018000d1c0 f   libvcruntime:frame.obj
 0001:0000c418       __TypeMatch                000000018000d418 f   libvcruntime:frame.obj
 0001:0000c558       __std_terminate            000000018000d558 f   libvcruntime:frame.obj
 0001:0000c564       __std_exception_copy       000000018000d564 f   libvcruntime:std_exception.obj
 0001:0000c5f4       __std_exception_destroy    000000018000d5f4 f   libvcruntime:std_exception.obj
 0001:0000c61c       _CxxThrowException         000000018000d61c f   libvcruntime:throw.obj
 0001:0000c6f4       ?_GetEstablisherFrame@@YAPEA_KPEA_KPEAU_xDISPATCHER_CONTEXT@@PEBU_s_FuncInfo@@0@Z 000000018000d6f4 f   libvcruntime:trnsctrl.obj
 0001:0000c7c0       ?_GetRangeOfTrysToCheck@@YAPEBU_s_TryBlockMapEntry@@PEA_KPEBU_s_FuncInfo@@HHPEAI2PEAU_xDISPATCHER_CONTEXT@@@Z 000000018000d7c0 f   libvcruntime:trnsctrl.obj
 0001:0000c8ec       ?__FrameUnwindToEmptyState@@YAXPEA_KPEAU_xDISPATCHER_CONTEXT@@PEBU_s_FuncInfo@@@Z 000000018000d8ec f   libvcruntime:trnsctrl.obj
 0001:0000c980       ?__SehTransFilter@@YAHPEAU_EXCEPTION_POINTERS@@PEAUEHExceptionRecord@@PEA_KPEAU_CONTEXT@@PEAU_xDISPATCHER_CONTEXT@@PEBU_s_FuncInfo@@PEAH@Z 000000018000d980 f   libvcruntime:trnsctrl.obj
 0001:0000ca18       _CallSETranslator          000000018000da18 f   libvcruntime:trnsctrl.obj
 0001:0000ca70       _CreateFrameInfo           000000018000da70 f   libvcruntime:trnsctrl.obj
 0001:0000caac       _FindAndUnlinkFrame        000000018000daac f   libvcruntime:trnsctrl.obj
 0001:0000cb04       _GetImageBase              000000018000db04 f   libvcruntime:trnsctrl.obj
 0001:0000cb18       _GetThrowImageBase         000000018000db18 f   libvcruntime:trnsctrl.obj
 0001:0000cb2c       _IsExceptionObjectToBeDestroyed 000000018000db2c f   libvcruntime:trnsctrl.obj
 0001:0000cb5c       _SetImageBase              000000018000db5c f   libvcruntime:trnsctrl.obj
 0001:0000cb74       _SetThrowImageBase         000000018000db74 f   libvcruntime:trnsctrl.obj
 0001:0000cb8c       _UnwindNestedFrames        000000018000db8c f   libvcruntime:trnsctrl.obj
 0001:0000ccb0       __CxxFrameHandler3         000000018000dcb0 f   libvcruntime:trnsctrl.obj
 0001:0000cd40       memset                     000000018000dd40 f   libvcruntime:memset.obj
 0001:0000cef0       memcmp                     000000018000def0 f   libvcruntime:memcmp.obj
 0001:0000d180       __vcrt_EventRegister       000000018000e180 f   libvcruntime:winapi_downlevel.obj
 0001:0000d204       __vcrt_EventSetInformation 000000018000e204 f   libvcruntime:winapi_downlevel.obj
 0001:0000d288       __vcrt_EventUnregister     000000018000e288 f   libvcruntime:winapi_downlevel.obj
 0001:0000d2dc       __vcrt_EventWriteTransfer  000000018000e2dc f   libvcruntime:winapi_downlevel.obj
 0001:0000d374       __vcrt_FlsAlloc            000000018000e374 f   libvcruntime:winapi_downlevel.obj
 0001:0000d3c8       __vcrt_FlsFree             000000018000e3c8 f   libvcruntime:winapi_downlevel.obj
 0001:0000d41c       __vcrt_FlsGetValue         000000018000e41c f   libvcruntime:winapi_downlevel.obj
 0001:0000d470       __vcrt_FlsSetValue         000000018000e470 f   libvcruntime:winapi_downlevel.obj
 0001:0000d4d8       __vcrt_InitializeCriticalSectionEx 000000018000e4d8 f   libvcruntime:winapi_downlevel.obj
 0001:0000d550       __vcrt_initialize_winapi_thunks 000000018000e550 f   libvcruntime:winapi_downlevel.obj
 0001:0000d588       __vcrt_uninitialize_winapi_thunks 000000018000e588 f   libvcruntime:winapi_downlevel.obj
 0001:0000d5c8       __vcrt_initialize          000000018000e5c8 f   libvcruntime:initialization.obj
 0001:0000d600       __vcrt_thread_attach       000000018000e600 f   libvcruntime:initialization.obj
 0001:0000d614       __vcrt_thread_detach       000000018000e614 f   libvcruntime:initialization.obj
 0001:0000d628       __vcrt_uninitialize        000000018000e628 f   libvcruntime:initialization.obj
 0001:0000d654       __vcrt_uninitialize_critical 000000018000e654 f   libvcruntime:initialization.obj
 0001:0000d664       __C_specific_handler       000000018000e664 f   libvcruntime:_chandler_.obj
 0001:0000d858       __telemetry_main_invoke_trigger 000000018000e858 f   libvcruntime:telemetry.obj
 0001:0000d970       __telemetry_main_return_trigger 000000018000e970 f   libvcruntime:telemetry.obj
 0001:0000da88       __vcrt_initialize_telemetry_provider 000000018000ea88 f   libvcruntime:telemetry.obj
 0001:0000da9c       __vcrt_uninitialize_telemetry_provider 000000018000ea9c f   libvcruntime:telemetry.obj
 0001:0000dabc       __std_type_info_compare    000000018000eabc f   libvcruntime:std_type_info.obj
 0001:0000dae4       __std_type_info_destroy_list 000000018000eae4 f   libvcruntime:std_type_info.obj
 0001:0000db10       __vcrt_initialize_pure_virtual_call_handler 000000018000eb10 f   libvcruntime:purevirt_data.obj
 0001:0000db34       __vcrt_freefls             000000018000eb34 f   libvcruntime:per_thread_data.obj
 0001:0000db54       __vcrt_freeptd             000000018000eb54 f   libvcruntime:per_thread_data.obj
 0001:0000dba4       __vcrt_getptd              000000018000eba4 f   libvcruntime:per_thread_data.obj
 0001:0000dbc0       __vcrt_getptd_noexit       000000018000ebc0 f   libvcruntime:per_thread_data.obj
 0001:0000dc68       __vcrt_initialize_ptd      000000018000ec68 f   libvcruntime:per_thread_data.obj
 0001:0000dca8       __vcrt_uninitialize_ptd    000000018000eca8 f   libvcruntime:per_thread_data.obj
 0001:0000dccc       ?__GetCurrentState@@YAHPEA_KPEAU_xDISPATCHER_CONTEXT@@PEBU_s_FuncInfo@@@Z 000000018000eccc f   libvcruntime:ehstate.obj
 0001:0000dcf4       ?__GetUnwindTryBlock@@YAHPEA_KPEAU_xDISPATCHER_CONTEXT@@PEBU_s_FuncInfo@@@Z 000000018000ecf4 f   libvcruntime:ehstate.obj
 0001:0000dd20       ?__SetState@@YAXPEA_KPEAU_xDISPATCHER_CONTEXT@@PEBU_s_FuncInfo@@H@Z 000000018000ed20 f   libvcruntime:ehstate.obj
 0001:0000dd2c       ?__SetUnwindTryBlock@@YAXPEA_KPEAU_xDISPATCHER_CONTEXT@@PEBU_s_FuncInfo@@H@Z 000000018000ed2c f   libvcruntime:ehstate.obj
 0001:0000dd68       ?__StateFromControlPc@@YAHPEBU_s_FuncInfo@@PEAU_xDISPATCHER_CONTEXT@@@Z 000000018000ed68 f   libvcruntime:ehstate.obj
 0001:0000dd70       ?__StateFromIp@@YAHPEBU_s_FuncInfo@@PEAU_xDISPATCHER_CONTEXT@@_J@Z 000000018000ed70 f   libvcruntime:ehstate.obj
 0001:0000ddf0       _CallSettingFrame          000000018000edf0 f   libvcruntime:handlers.obj
 0001:0000de40       _local_unwind              000000018000ee40 f   libvcruntime:_jmpuwind_.obj
 0001:0000de70       _NLG_Notify                000000018000ee70 f   libvcruntime:_jmpuwind_.obj
 0001:0000de90       __NLG_Dispatch2            000000018000ee90 f   libvcruntime:_jmpuwind_.obj
 0001:0000dea0       __NLG_Return2              000000018000eea0 f   libvcruntime:_jmpuwind_.obj
 0001:0000dea4       __vcrt_initialize_locks    000000018000eea4 f   libvcruntime:locks.obj
 0001:0000deec       __vcrt_uninitialize_locks  000000018000eeec f   libvcruntime:locks.obj
 0001:0000df24       abort                      000000018000ef24 f   libucrt:abort.obj
 0001:0000df7c       _fputc_nolock              000000018000ef7c f   libucrt:fputc.obj
 0001:0000df94       fputc                      000000018000ef94 f   libucrt:fputc.obj
 0001:0000e0b4       calloc                     000000018000f0b4 f   libucrt:calloc.obj
 0001:0000e0bc       __acrt_call_reportfault    000000018000f0bc f   libucrt:invalid_parameter.obj
 0001:0000e218       __acrt_initialize_invalid_parameter_handler 000000018000f218 f   libucrt:invalid_parameter.obj
 0001:0000e220       _invalid_parameter         000000018000f220 f   libucrt:invalid_parameter.obj
 0001:0000e2c8       _invalid_parameter_noinfo  000000018000f2c8 f   libucrt:invalid_parameter.obj
 0001:0000e2e8       _invalid_parameter_noinfo_noreturn 000000018000f2e8 f   libucrt:invalid_parameter.obj
 0001:0000e318       _invoke_watson             000000018000f318 f   libucrt:invalid_parameter.obj
 0001:0000e360       __acrt_stdio_flush_nolock  000000018000f360 f   libucrt:fflush.obj
 0001:0000e3d8       _fflush_nolock             000000018000f3d8 f   libucrt:fflush.obj
 0001:0000e424       _flushall                  000000018000f424 f   libucrt:fflush.obj
 0001:0000e514       fflush                     000000018000f514 f   libucrt:fflush.obj
 0001:0000e558       _fclose_nolock             000000018000f558 f   libucrt:fclose.obj
 0001:0000e5dc       fclose                     000000018000f5dc f   libucrt:fclose.obj
 0001:0000e648       strcspn                    000000018000f648 f   libucrt:strcspn.obj
 0001:0000e6e8       ??$?RV<lambda_7b91131dde12e1c3dfc74ff76b3f2eac>@@AEAV<lambda_dd75445284c072d0bd3768540cc698fa>@@V<lambda_16bc4ecb55b4718497c16bceaea2ceaf>@@@?$__crt_seh_guarded_call@H@@QEAAH$$QEAV<lambda_7b91131dde12e1c3dfc74ff76b3f2eac>@@AEAV<lambda_dd75445284c072d0bd3768540cc698fa>@@$$QEAV<lambda_16bc4ecb55b4718497c16bceaea2ceaf>@@@Z 000000018000f6e8 f i libucrt:output.obj
 0001:0000e8d0       ??$ensure_buffer_is_big_enough@D@formatting_buffer@__crt_stdio_output@@QEAA_N_K@Z 000000018000f8d0 f i libucrt:output.obj
 0001:0000e97c       ??$is_wide_character_specifier@D@__crt_stdio_output@@YA_N_KDW4length_modifier@0@@Z 000000018000f97c f i libucrt:output.obj
 0001:0000e9ac       ??$is_wide_character_specifier@_W@__crt_stdio_output@@YA_N_K_WW4length_modifier@0@@Z 000000018000f9ac f i libucrt:output.obj
 0001:0000e9f0       ??$type_case_integer_parse_into_buffer@I@?$output_processor@DV?$string_output_adapter@D@__crt_stdio_output@@V?$format_validation_base@DV?$string_output_adapter@D@__crt_stdio_output@@@2@@__crt_stdio_output@@AEAAXII_N@Z 000000018000f9f0 f i libucrt:output.obj
 0001:0000e9f0       ??$type_case_integer_parse_into_buffer@I@?$output_processor@_WV?$string_output_adapter@_W@__crt_stdio_output@@V?$standard_base@_WV?$string_output_adapter@_W@__crt_stdio_output@@@2@@__crt_stdio_output@@AEAAXII_N@Z 000000018000f9f0 f i libucrt:output.obj
 0001:0000e9f0       ??$type_case_integer_parse_into_buffer@I@?$output_processor@_WV?$stream_output_adapter@_W@__crt_stdio_output@@V?$standard_base@_WV?$stream_output_adapter@_W@__crt_stdio_output@@@2@@__crt_stdio_output@@AEAAXII_N@Z 000000018000f9f0 f i libucrt:output.obj
 0001:0000ea8c       ??$type_case_integer_parse_into_buffer@_K@?$output_processor@_WV?$string_output_adapter@_W@__crt_stdio_output@@V?$standard_base@_WV?$string_output_adapter@_W@__crt_stdio_output@@@2@@__crt_stdio_output@@AEAAX_KI_N@Z 000000018000fa8c f i libucrt:output.obj
 0001:0000ea8c       ??$type_case_integer_parse_into_buffer@_K@?$output_processor@DV?$string_output_adapter@D@__crt_stdio_output@@V?$format_validation_base@DV?$string_output_adapter@D@__crt_stdio_output@@@2@@__crt_stdio_output@@AEAAX_KI_N@Z 000000018000fa8c f i libucrt:output.obj
 0001:0000ea8c       ??$type_case_integer_parse_into_buffer@_K@?$output_processor@_WV?$stream_output_adapter@_W@__crt_stdio_output@@V?$standard_base@_WV?$stream_output_adapter@_W@__crt_stdio_output@@@2@@__crt_stdio_output@@AEAAX_KI_N@Z 000000018000fa8c f i libucrt:output.obj
 0001:0000eb28       ??$write_multiple_characters@V?$stream_output_adapter@_W@__crt_stdio_output@@D@__crt_stdio_output@@YAXAEBV?$stream_output_adapter@_W@0@DHQEAH@Z 000000018000fb28 f i libucrt:output.obj
 0001:0000ebb8       ??$write_multiple_characters@V?$string_output_adapter@D@__crt_stdio_output@@D@__crt_stdio_output@@YAXAEBV?$string_output_adapter@D@0@DHQEAH@Z 000000018000fbb8 f i libucrt:output.obj
 0001:0000ec14       ??$write_multiple_characters@V?$string_output_adapter@_W@__crt_stdio_output@@D@__crt_stdio_output@@YAXAEBV?$string_output_adapter@_W@0@DHQEAH@Z 000000018000fc14 f i libucrt:output.obj
 0001:0000ec84       ??0?$output_processor@DV?$string_output_adapter@D@__crt_stdio_output@@V?$format_validation_base@DV?$string_output_adapter@D@__crt_stdio_output@@@2@@__crt_stdio_output@@QEAA@AEBV?$string_output_adapter@D@1@_KQEBDQEAU__crt_locale_pointers@@QEAD@Z 000000018000fc84 f i libucrt:output.obj
 0001:0000ed00       ??0?$output_processor@_WV?$string_output_adapter@_W@__crt_stdio_output@@V?$standard_base@_WV?$string_output_adapter@_W@__crt_stdio_output@@@2@@__crt_stdio_output@@QEAA@AEBV?$string_output_adapter@_W@1@_KQEB_WQEAU__crt_locale_pointers@@QEAD@Z 000000018000fd00 f i libucrt:output.obj
 0001:0000ed00       ??0?$output_processor@_WV?$stream_output_adapter@_W@__crt_stdio_output@@V?$standard_base@_WV?$stream_output_adapter@_W@__crt_stdio_output@@@2@@__crt_stdio_output@@QEAA@AEBV?$stream_output_adapter@_W@1@_KQEB_WQEAU__crt_locale_pointers@@QEAD@Z 000000018000fd00 f i libucrt:output.obj
 0001:0000ed80       ??0_LocaleUpdate@@QEAA@QEAU__crt_locale_pointers@@@Z 000000018000fd80 f i libucrt:output.obj
 0001:0000ef00       ?force_decimal_point@__crt_stdio_output@@YAXPEADQEAU__crt_locale_pointers@@@Z 000000018000ff00 f i libucrt:output.obj
 0001:0000ef70       ?parse_int_from_format_string@?$output_processor@DV?$string_output_adapter@D@__crt_stdio_output@@V?$format_validation_base@DV?$string_output_adapter@D@__crt_stdio_output@@@2@@__crt_stdio_output@@AEAA_NQEAH@Z 000000018000ff70 f i libucrt:output.obj
 0001:0000eff4       ?parse_int_from_format_string@?$output_processor@_WV?$stream_output_adapter@_W@__crt_stdio_output@@V?$standard_base@_WV?$stream_output_adapter@_W@__crt_stdio_output@@@2@@__crt_stdio_output@@AEAA_NQEAH@Z 000000018000fff4 f i libucrt:output.obj
 0001:0000eff4       ?parse_int_from_format_string@?$output_processor@_WV?$string_output_adapter@_W@__crt_stdio_output@@V?$standard_base@_WV?$string_output_adapter@_W@__crt_stdio_output@@@2@@__crt_stdio_output@@AEAA_NQEAH@Z 000000018000fff4 f i libucrt:output.obj
 0001:0000f074       ?process@?$output_processor@DV?$string_output_adapter@D@__crt_stdio_output@@V?$format_validation_base@DV?$string_output_adapter@D@__crt_stdio_output@@@2@@__crt_stdio_output@@QEAAHXZ 0000000180010074 f i libucrt:output.obj
 0001:0000f288       ?process@?$output_processor@_WV?$stream_output_adapter@_W@__crt_stdio_output@@V?$standard_base@_WV?$stream_output_adapter@_W@__crt_stdio_output@@@2@@__crt_stdio_output@@QEAAHXZ 0000000180010288 f i libucrt:output.obj
 0001:0000f500       ?process@?$output_processor@_WV?$string_output_adapter@_W@__crt_stdio_output@@V?$standard_base@_WV?$string_output_adapter@_W@__crt_stdio_output@@@2@@__crt_stdio_output@@QEAAHXZ 0000000180010500 f i libucrt:output.obj
 0001:0000f77c       ?state_case_normal@?$output_processor@DV?$string_output_adapter@D@__crt_stdio_output@@V?$format_validation_base@DV?$string_output_adapter@D@__crt_stdio_output@@@2@@__crt_stdio_output@@AEAA_NXZ 000000018001077c f i libucrt:output.obj
 0001:0000f7f0       ?state_case_normal_tchar@?$output_processor@DV?$string_output_adapter@D@__crt_stdio_output@@V?$format_validation_base@DV?$string_output_adapter@D@__crt_stdio_output@@@2@@__crt_stdio_output@@AEAA_ND@Z 00000001800107f0 f i libucrt:output.obj
 0001:0000f888       ?state_case_size@?$output_processor@DV?$string_output_adapter@D@__crt_stdio_output@@V?$format_validation_base@DV?$string_output_adapter@D@__crt_stdio_output@@@2@@__crt_stdio_output@@AEAA_NXZ 0000000180010888 f i libucrt:output.obj
 0001:0000fa04       ?state_case_size@?$output_processor@_WV?$stream_output_adapter@_W@__crt_stdio_output@@V?$standard_base@_WV?$stream_output_adapter@_W@__crt_stdio_output@@@2@@__crt_stdio_output@@AEAA_NXZ 0000000180010a04 f i libucrt:output.obj
 0001:0000fba8       ?state_case_size@?$output_processor@_WV?$string_output_adapter@_W@__crt_stdio_output@@V?$standard_base@_WV?$string_output_adapter@_W@__crt_stdio_output@@@2@@__crt_stdio_output@@AEAA_NXZ 0000000180010ba8 f i libucrt:output.obj
 0001:0000fd4c       ?state_case_type@?$output_processor@DV?$string_output_adapter@D@__crt_stdio_output@@V?$format_validation_base@DV?$string_output_adapter@D@__crt_stdio_output@@@2@@__crt_stdio_output@@AEAA_NXZ 0000000180010d4c f i libucrt:output.obj
 0001:0000ffc8       ?state_case_type@?$output_processor@_WV?$stream_output_adapter@_W@__crt_stdio_output@@V?$standard_base@_WV?$stream_output_adapter@_W@__crt_stdio_output@@@2@@__crt_stdio_output@@AEAA_NXZ 0000000180010fc8 f i libucrt:output.obj
 0001:00010294       ?state_case_type@?$output_processor@_WV?$string_output_adapter@_W@__crt_stdio_output@@V?$standard_base@_WV?$string_output_adapter@_W@__crt_stdio_output@@@2@@__crt_stdio_output@@AEAA_NXZ 0000000180011294 f i libucrt:output.obj
 0001:00010560       ?type_case_Z@?$output_processor@DV?$string_output_adapter@D@__crt_stdio_output@@V?$format_validation_base@DV?$string_output_adapter@D@__crt_stdio_output@@@2@@__crt_stdio_output@@AEAA_NXZ 0000000180011560 f i libucrt:output.obj
 0001:000105e0       ?type_case_Z@?$output_processor@_WV?$stream_output_adapter@_W@__crt_stdio_output@@V?$standard_base@_WV?$stream_output_adapter@_W@__crt_stdio_output@@@2@@__crt_stdio_output@@AEAA_NXZ 00000001800115e0 f i libucrt:output.obj
 0001:000105e0       ?type_case_Z@?$output_processor@_WV?$string_output_adapter@_W@__crt_stdio_output@@V?$standard_base@_WV?$string_output_adapter@_W@__crt_stdio_output@@@2@@__crt_stdio_output@@AEAA_NXZ 00000001800115e0 f i libucrt:output.obj
 0001:00010660       ?type_case_a@?$output_processor@DV?$string_output_adapter@D@__crt_stdio_output@@V?$format_validation_base@DV?$string_output_adapter@D@__crt_stdio_output@@@2@@__crt_stdio_output@@AEAA_NXZ 0000000180011660 f i libucrt:output.obj
 0001:0001087c       ?type_case_a@?$output_processor@_WV?$stream_output_adapter@_W@__crt_stdio_output@@V?$standard_base@_WV?$stream_output_adapter@_W@__crt_stdio_output@@@2@@__crt_stdio_output@@AEAA_NXZ 000000018001187c f i libucrt:output.obj
 0001:0001087c       ?type_case_a@?$output_processor@_WV?$string_output_adapter@_W@__crt_stdio_output@@V?$standard_base@_WV?$string_output_adapter@_W@__crt_stdio_output@@@2@@__crt_stdio_output@@AEAA_NXZ 000000018001187c f i libucrt:output.obj
 0001:00010ac0       ?type_case_c_tchar@?$output_processor@DV?$string_output_adapter@D@__crt_stdio_output@@V?$format_validation_base@DV?$string_output_adapter@D@__crt_stdio_output@@@2@@__crt_stdio_output@@AEAA_ND@Z 0000000180011ac0 f i libucrt:output.obj
 0001:00010b74       ?type_case_c_tchar@?$output_processor@_WV?$stream_output_adapter@_W@__crt_stdio_output@@V?$standard_base@_WV?$stream_output_adapter@_W@__crt_stdio_output@@@2@@__crt_stdio_output@@AEAA_N_W@Z 0000000180011b74 f i libucrt:output.obj
 0001:00010b74       ?type_case_c_tchar@?$output_processor@_WV?$string_output_adapter@_W@__crt_stdio_output@@V?$standard_base@_WV?$string_output_adapter@_W@__crt_stdio_output@@@2@@__crt_stdio_output@@AEAA_N_W@Z 0000000180011b74 f i libucrt:output.obj
 0001:00010c1c       ?type_case_integer@?$output_processor@_WV?$string_output_adapter@_W@__crt_stdio_output@@V?$standard_base@_WV?$string_output_adapter@_W@__crt_stdio_output@@@2@@__crt_stdio_output@@AEAA_NI_N@Z 0000000180011c1c f i libucrt:output.obj
 0001:00010c1c       ?type_case_integer@?$output_processor@_WV?$stream_output_adapter@_W@__crt_stdio_output@@V?$standard_base@_WV?$stream_output_adapter@_W@__crt_stdio_output@@@2@@__crt_stdio_output@@AEAA_NI_N@Z 0000000180011c1c f i libucrt:output.obj
 0001:00010c1c       ?type_case_integer@?$output_processor@DV?$string_output_adapter@D@__crt_stdio_output@@V?$format_validation_base@DV?$string_output_adapter@D@__crt_stdio_output@@@2@@__crt_stdio_output@@AEAA_NI_N@Z 0000000180011c1c f i libucrt:output.obj
 0001:00010dbc       ?type_case_n@?$output_processor@_WV?$string_output_adapter@_W@__crt_stdio_output@@V?$standard_base@_WV?$string_output_adapter@_W@__crt_stdio_output@@@2@@__crt_stdio_output@@AEAA_NXZ 0000000180011dbc f i libucrt:output.obj
 0001:00010dbc       ?type_case_n@?$output_processor@_WV?$stream_output_adapter@_W@__crt_stdio_output@@V?$standard_base@_WV?$stream_output_adapter@_W@__crt_stdio_output@@@2@@__crt_stdio_output@@AEAA_NXZ 0000000180011dbc f i libucrt:output.obj
 0001:00010dbc       ?type_case_n@?$output_processor@DV?$string_output_adapter@D@__crt_stdio_output@@V?$format_validation_base@DV?$string_output_adapter@D@__crt_stdio_output@@@2@@__crt_stdio_output@@AEAA_NXZ 0000000180011dbc f i libucrt:output.obj
 0001:00010e98       ?type_case_s@?$output_processor@DV?$string_output_adapter@D@__crt_stdio_output@@V?$format_validation_base@DV?$string_output_adapter@D@__crt_stdio_output@@@2@@__crt_stdio_output@@AEAA_NXZ 0000000180011e98 f i libucrt:output.obj
 0001:00010f28       ?type_case_s@?$output_processor@_WV?$string_output_adapter@_W@__crt_stdio_output@@V?$standard_base@_WV?$string_output_adapter@_W@__crt_stdio_output@@@2@@__crt_stdio_output@@AEAA_NXZ 0000000180011f28 f i libucrt:output.obj
 0001:00010f28       ?type_case_s@?$output_processor@_WV?$stream_output_adapter@_W@__crt_stdio_output@@V?$standard_base@_WV?$stream_output_adapter@_W@__crt_stdio_output@@@2@@__crt_stdio_output@@AEAA_NXZ 0000000180011f28 f i libucrt:output.obj
 0001:00010ff0       ?write_stored_string_tchar@?$output_processor@DV?$string_output_adapter@D@__crt_stdio_output@@V?$format_validation_base@DV?$string_output_adapter@D@__crt_stdio_output@@@2@@__crt_stdio_output@@AEAA_ND@Z 0000000180011ff0 f i libucrt:output.obj
 0001:000110c8       ?write_stored_string_tchar@?$output_processor@_WV?$stream_output_adapter@_W@__crt_stdio_output@@V?$standard_base@_WV?$stream_output_adapter@_W@__crt_stdio_output@@@2@@__crt_stdio_output@@AEAA_N_W@Z 00000001800120c8 f i libucrt:output.obj
 0001:000111b4       ?write_stored_string_tchar@?$output_processor@_WV?$string_output_adapter@_W@__crt_stdio_output@@V?$standard_base@_WV?$string_output_adapter@_W@__crt_stdio_output@@@2@@__crt_stdio_output@@AEAA_N_W@Z 00000001800121b4 f i libucrt:output.obj
 0001:000112a4       ?write_string@?$stream_output_adapter@_W@__crt_stdio_output@@QEBAXQEB_WHQEAH1@Z 00000001800122a4 f i libucrt:output.obj
 0001:000113b0       ?write_string@?$string_output_adapter@D@__crt_stdio_output@@QEBAXQEBDHQEAH1@Z 00000001800123b0 f i libucrt:output.obj
 0001:0001146c       ?write_string@?$string_output_adapter@_W@__crt_stdio_output@@QEBAXQEB_WHQEAH1@Z 000000018001246c f i libucrt:output.obj
 0001:0001152c       __stdio_common_vfwprintf   000000018001252c f   libucrt:output.obj
 0001:000115b8       __stdio_common_vsprintf_s  00000001800125b8 f   libucrt:output.obj
 0001:0001161c       __stdio_common_vswprintf   000000018001261c f   libucrt:output.obj
 0001:00011854       _fgetc_nolock              0000000180012854 f   libucrt:fgetc.obj
 0001:00011898       fgetc                      0000000180012898 f   libucrt:fgetc.obj
 0001:0001199c       __acrt_initialize_stdio    000000018001299c f   libucrt:_file.obj
 0001:00011abc       __acrt_iob_func            0000000180012abc f   libucrt:_file.obj
 0001:00011ad0       __acrt_uninitialize_stdio  0000000180012ad0 f   libucrt:_file.obj
 0001:00011b2c       _get_stream_buffer_pointers 0000000180012b2c f   libucrt:_file.obj
 0001:00011b74       _lock_file                 0000000180012b74 f   libucrt:_file.obj
 0001:00011b80       _unlock_file               0000000180012b80 f   libucrt:_file.obj
 0001:00011b8c       localeconv                 0000000180012b8c f   libucrt:localeconv.obj
 0001:00011bc0       ??$?RV<lambda_5d4c3fee44080f75d5d9762853974fe0>@@AEAV<lambda_532e024f4337e6fc7ad266c2bef9f4ed>@@V<lambda_c87bdc10097eb2402edb8ba9bdf0697b>@@@?$__crt_seh_guarded_call@_K@@QEAA_K$$QEAV<lambda_5d4c3fee44080f75d5d9762853974fe0>@@AEAV<lambda_532e024f4337e6fc7ad266c2bef9f4ed>@@$$QEAV<lambda_c87bdc10097eb2402edb8ba9bdf0697b>@@@Z 0000000180012bc0 f i libucrt:fwrite.obj
 0001:00011c64       _fwrite_nolock             0000000180012c64 f   libucrt:fwrite.obj
 0001:00011e00       fwrite                     0000000180012e00 f   libucrt:fwrite.obj
 0001:00011e84       __acrt_errno_from_os_error 0000000180012e84 f   libucrt:errno.obj
 0001:00011ecc       __acrt_errno_map_os_error  0000000180012ecc f   libucrt:errno.obj
 0001:00011f1c       __doserrno                 0000000180012f1c f   libucrt:errno.obj
 0001:00011f3c       _errno                     0000000180012f3c f   libucrt:errno.obj
 0001:00011f5c       fgetpos                    0000000180012f5c f   libucrt:fgetpos.obj
 0001:00011fa8       ??$?RV<lambda_7a5ef57ff966f610505f1d28a3d40618>@@AEAV<lambda_b721fa326cdb32351d23dfa67958c160>@@V<lambda_5e0fb27672408a07956fe59e48ccb2aa>@@@?$__crt_seh_guarded_call@H@@QEAAH$$QEAV<lambda_7a5ef57ff966f610505f1d28a3d40618>@@AEAV<lambda_b721fa326cdb32351d23dfa67958c160>@@$$QEAV<lambda_5e0fb27672408a07956fe59e48ccb2aa>@@@Z 0000000180012fa8 f i libucrt:setvbuf.obj
 0001:000120d8       setvbuf                    00000001800130d8 f   libucrt:setvbuf.obj
 0001:00012178       free                       0000000180013178 f   libucrt:free.obj
 0001:00012180       _ungetc_nolock             0000000180013180 f   libucrt:ungetc.obj
 0001:00012290       ungetc                     0000000180013290 f   libucrt:ungetc.obj
 0001:000122f0       frexp                      00000001800132f0 f   libucrt:frexp.obj
 0001:000123e8       fsetpos                    00000001800133e8 f   libucrt:fsetpos.obj
 0001:00012694       _fseeki64                  0000000180013694 f   libucrt:fseek.obj
 0001:0001269c       fseek                      000000018001369c f   libucrt:fseek.obj
 0001:0001308c       ??$ftprintf@PEAU_iobuf@@PEB_WAEBQEB_WAEBQEB_WAEBI@?$__crt_char_traits@_W@@SAH$$QEAPEAU_iobuf@@$$QEAPEB_WAEBQEB_W2AEBI@Z 000000018001408c f i libucrt:assert.obj
 0001:000130b4       _wassert                   00000001800140b4 f   libucrt:assert.obj
 0001:00013138       fwprintf                   0000000180014138 f i libucrt:assert.obj
 0001:0001317c       swprintf                   000000018001417c f i libucrt:assert.obj
 0001:000131d0       malloc                     00000001800141d0 f   libucrt:malloc.obj
 0001:000131d8       __ascii_stricmp            00000001800141d8 f   libucrt:stricmp.obj
 0001:00013214       _stricmp                   0000000180014214 f   libucrt:stricmp.obj
 0001:0001325c       _stricmp_l                 000000018001425c f   libucrt:stricmp.obj
 0001:00013310       __acrt_initialize_locks    0000000180014310 f   libucrt:locks.obj
 0001:00013358       __acrt_lock                0000000180014358 f   libucrt:locks.obj
 0001:00013374       __acrt_uninitialize_locks  0000000180014374 f   libucrt:locks.obj
 0001:000133ac       __acrt_unlock              00000001800143ac f   libucrt:locks.obj
 0001:000133c8       _lock_locales              00000001800143c8 f   libucrt:locks.obj
 0001:000133d8       _unlock_locales            00000001800143d8 f   libucrt:locks.obj
 0001:000134d0       setlocale                  00000001800144d0 f   libucrt:setlocale.obj
 0001:0001376c       _fsopen                    000000018001476c f   libucrt:fopen.obj
 0001:00013774       _calloc_base               0000000180014774 f   libucrt:calloc_base.obj
 0001:000137ec       __pctype_func              00000001800147ec f   libucrt:ctype.obj
 0001:0001381c       isdigit                    000000018001481c f i libucrt:_ctype.obj
 0001:00013890       islower                    0000000180014890 f i libucrt:_ctype.obj
 0001:00013904       isupper                    0000000180014904 f i libucrt:_ctype.obj
 0001:00013978       _wcsdup                    0000000180014978 f   libucrt:wcsdup.obj
 0001:000139fc       ___lc_codepage_func        00000001800149fc f   libucrt:initctype.obj
 0001:00013a2c       ___lc_locale_name_func     0000000180014a2c f   libucrt:initctype.obj
 0001:00013a60       ___mb_cur_max_func         0000000180014a60 f   libucrt:initctype.obj
 0001:00013a90       __acrt_locale_initialize_ctype 0000000180014a90 f   libucrt:initctype.obj
 0001:000140dc       _ismbblead                 00000001800150dc f   libucrt:ismbbyte.obj
 0001:000140f0       _malloc_base               00000001800150f0 f   libucrt:malloc_base.obj
 0001:00014150       _realloc_base              0000000180015150 f   libucrt:realloc_base.obj
 0001:000141d4       __strncnt                  00000001800151d4 f   libucrt:strncnt.obj
 0001:000141ec       _free_base                 00000001800151ec f   libucrt:free_base.obj
 0001:0001427c       _tolower_l                 000000018001527c f   libucrt:tolower_toupper.obj
 0001:000143bc       tolower                    00000001800153bc f   libucrt:tolower_toupper.obj
 0001:000143e8       wcscpy_s                   00000001800153e8 f   libucrt:wcscpy_s.obj
 0001:00014450       strnlen                    0000000180015450 f   libucrt:strnlen.obj
 0001:000145ac       wcsnlen                    00000001800155ac f   libucrt:strnlen.obj
 0001:0001479c       __acrt_initialize_new_handler 000000018001579c f   libucrt:new_handler.obj
 0001:000147a4       _callnewh                  00000001800157a4 f   libucrt:new_handler.obj
 0001:000147e4       _query_new_handler         00000001800157e4 f   libucrt:new_handler.obj
 0001:00014818       _seh_filter_dll            0000000180015818 f   libucrt:exception_filter.obj
 0001:0001482c       _seh_filter_exe            000000018001582c f   libucrt:exception_filter.obj
 0001:00014bec       __acrt_initialize_thread_local_exit_callback 0000000180015bec f   libucrt:exit.obj
 0001:00014bf4       _cexit                     0000000180015bf4 f   libucrt:exit.obj
 0001:00014c04       _exit                      0000000180015c04 f   libucrt:exit.obj
 0001:00014c10       _is_c_termination_complete 0000000180015c10 f   libucrt:exit.obj
 0001:00014dfc       __dcrt_uninitialize_environments_nolock 0000000180015dfc f   libucrt:environment_initialization.obj
 0001:00014e34       _initialize_narrow_environment 0000000180015e34 f   libucrt:environment_initialization.obj
 0001:00014e3c       ??$?RV<lambda_b8c45f8f788dd370798f47cfe8ac3a86>@@AEAV<lambda_4e60a939b0d047cfe11ddc22648dfba9>@@V<lambda_332c3edc96d0294ec56c57d38c1cdfd5>@@@?$__crt_seh_guarded_call@H@@QEAAH$$QEAV<lambda_b8c45f8f788dd370798f47cfe8ac3a86>@@AEAV<lambda_4e60a939b0d047cfe11ddc22648dfba9>@@$$QEAV<lambda_332c3edc96d0294ec56c57d38c1cdfd5>@@@Z 0000000180015e3c f i libucrt:onexit.obj
 0001:00014e78       ??$?RV<lambda_e24bbb7b643b32fcea6fa61b31d4c984>@@AEAV<lambda_275893d493268fdec8709772e3fcec0e>@@V<lambda_9d71df4d7cf3f480f8d633942495c3b0>@@@?$__crt_seh_guarded_call@H@@QEAAH$$QEAV<lambda_e24bbb7b643b32fcea6fa61b31d4c984>@@AEAV<lambda_275893d493268fdec8709772e3fcec0e>@@$$QEAV<lambda_9d71df4d7cf3f480f8d633942495c3b0>@@@Z 0000000180015e78 f i libucrt:onexit.obj
 0001:000151f4       _crt_atexit                00000001800161f4 f   libucrt:onexit.obj
 0001:00015204       _execute_onexit_table      0000000180016204 f   libucrt:onexit.obj
 0001:00015240       _initialize_onexit_table   0000000180016240 f   libucrt:onexit.obj
 0001:00015280       _register_onexit_function  0000000180016280 f   libucrt:onexit.obj
 0001:000153fc       __acrt_initialize          00000001800163fc f   libucrt:initialization.obj
 0001:00015410       __acrt_thread_attach       0000000180016410 f   libucrt:initialization.obj
 0001:00015424       __acrt_thread_detach       0000000180016424 f   libucrt:initialization.obj
 0001:00015434       __acrt_uninitialize        0000000180016434 f   libucrt:initialization.obj
 0001:00015448       __acrt_uninitialize_critical 0000000180016448 f   libucrt:initialization.obj
 0001:00015458       _initterm                  0000000180016458 f   libucrt:initterm.obj
 0001:000154d0       _initterm_e                00000001800164d0 f   libucrt:initterm.obj
 0001:0001551c       terminate                  000000018001651c f   libucrt:terminate.obj
 0001:00015544       strcpy_s                   0000000180016544 f   libucrt:strcpy_s.obj
 0001:000155a4       ??$is_overflow_condition@K@__crt_strtox@@YA_NIK@Z 00000001800165a4 f i libucrt:atox.obj
 0001:000155d0       ??$parse_integer@KV?$c_string_character_source@D@__crt_strtox@@@__crt_strtox@@YAKQEAU__crt_locale_pointers@@V?$c_string_character_source@D@0@H_N@Z 00000001800165d0 f i libucrt:atox.obj
 0001:000158e4       ??$parse_integer@KV?$c_string_character_source@_W@__crt_strtox@@@__crt_strtox@@YAKQEAU__crt_locale_pointers@@V?$c_string_character_source@_W@0@H_N@Z 00000001800168e4 f i libucrt:atox.obj
 0001:00015fb8       _wtol                      0000000180016fb8 f   libucrt:atox.obj
 0001:00015fe4       ??$?RV<lambda_c36588078e9f5dfd39652860aa6b3aaf>@@AEAV<lambda_ec61778202f4f5fc7e7711acc23c3bca>@@V<lambda_dc9d2797ccde5d239b4a0efae8ebd7db>@@@?$__crt_seh_guarded_call@P6AXH@Z@@QEAAP6AXH@Z$$QEAV<lambda_c36588078e9f5dfd39652860aa6b3aaf>@@AEAV<lambda_ec61778202f4f5fc7e7711acc23c3bca>@@$$QEAV<lambda_dc9d2797ccde5d239b4a0efae8ebd7db>@@@Z 0000000180016fe4 f i libucrt:signal.obj
 0001:0001602c       __acrt_get_sigabrt_handler 000000018001702c f   libucrt:signal.obj
 0001:0001605c       __acrt_initialize_signal_handlers 000000018001705c f   libucrt:signal.obj
 0001:0001607c       raise                      000000018001707c f   libucrt:signal.obj
 0001:00016318       _fileno                    0000000180017318 f   libucrt:fileno.obj
 0001:00016550       __acrt_stdio_flush_and_write_narrow_nolock 0000000180017550 f   libucrt:_flsbuf.obj
 0001:00016638       __acrt_stdio_flush_and_write_wide_nolock 0000000180017638 f   libucrt:_flsbuf.obj
 0001:0001690c       __acrt_initialize_lowio    000000018001790c f   libucrt:ioinit.obj
 0001:00016948       __acrt_uninitialize_lowio  0000000180017948 f   libucrt:ioinit.obj
 0001:00016988       ??$?RV<lambda_46352004c1216016012b18bd6f87e700>@@AEAV<lambda_3bd07e1a1191394380780325891bf33f>@@V<lambda_334532d3f185bcaa59b5be82d7d22bff>@@@?$__crt_seh_guarded_call@X@@QEAAX$$QEAV<lambda_46352004c1216016012b18bd6f87e700>@@AEAV<lambda_3bd07e1a1191394380780325891bf33f>@@$$QEAV<lambda_334532d3f185bcaa59b5be82d7d22bff>@@@Z 0000000180017988 f i libucrt:per_thread_data.obj
 0001:000169e8       ??$?RV<lambda_5e887d1dcbef67a5eb4283622ba103bf>@@AEAV<lambda_4466841279450cc726390878d4a41900>@@V<lambda_341c25c0346d94847f1f3c463c57e077>@@@?$__crt_seh_guarded_call@X@@QEAAX$$QEAV<lambda_5e887d1dcbef67a5eb4283622ba103bf>@@AEAV<lambda_4466841279450cc726390878d4a41900>@@$$QEAV<lambda_341c25c0346d94847f1f3c463c57e077>@@@Z 00000001800179e8 f i libucrt:per_thread_data.obj
 0001:00016a30       ??$?RV<lambda_72d1df2b273a38828b1ce30cbf4cdab5>@@AEAV<lambda_876a65b173b8412d3a47c70a915b0cf4>@@V<lambda_41932305e351933ebe8f8be3ed8bb5dc>@@@?$__crt_seh_guarded_call@X@@QEAAX$$QEAV<lambda_72d1df2b273a38828b1ce30cbf4cdab5>@@AEAV<lambda_876a65b173b8412d3a47c70a915b0cf4>@@$$QEAV<lambda_41932305e351933ebe8f8be3ed8bb5dc>@@@Z 0000000180017a30 f i libucrt:per_thread_data.obj
 0001:00016a70       ??$?RV<lambda_fb3a7dec4e47f37f22dae91bb15c9095>@@AEAV<lambda_698284760c8add0bfb0756c19673e34b>@@V<lambda_dfb8eca1e75fef3034a8fb18dd509707>@@@?$__crt_seh_guarded_call@X@@QEAAX$$QEAV<lambda_fb3a7dec4e47f37f22dae91bb15c9095>@@AEAV<lambda_698284760c8add0bfb0756c19673e34b>@@$$QEAV<lambda_dfb8eca1e75fef3034a8fb18dd509707>@@@Z 0000000180017a70 f i libucrt:per_thread_data.obj
 0001:00016d00       __acrt_freeptd             0000000180017d00 f   libucrt:per_thread_data.obj
 0001:00016d44       __acrt_getptd              0000000180017d44 f   libucrt:per_thread_data.obj
 0001:00016dd8       __acrt_getptd_noexit       0000000180017dd8 f   libucrt:per_thread_data.obj
 0001:00016e78       __acrt_initialize_ptd      0000000180017e78 f   libucrt:per_thread_data.obj
 0001:00016eb4       __acrt_uninitialize_ptd    0000000180017eb4 f   libucrt:per_thread_data.obj
 0001:00016ed8       ??$?RV<lambda_b521505b218e5242e90febf6bfebc422>@@AEAV<lambda_6978c1fb23f02e42e1d9e99668cc68aa>@@V<lambda_314360699dd331753a4119843814e9a7>@@@?$__crt_seh_guarded_call@H@@QEAAH$$QEAV<lambda_b521505b218e5242e90febf6bfebc422>@@AEAV<lambda_6978c1fb23f02e42e1d9e99668cc68aa>@@$$QEAV<lambda_314360699dd331753a4119843814e9a7>@@@Z 0000000180017ed8 f i libucrt:commit.obj
 0001:00016f64       _commit                    0000000180017f64 f   libucrt:commit.obj
 0001:00017598       _write                     0000000180018598 f   libucrt:write.obj
 0001:00017684       _write_nolock              0000000180018684 f   libucrt:write.obj
 0001:00017968       ??$?RV<lambda_bfedae4ebbf01fab1bb6dcc6a9e276e0>@@AEAV<lambda_2fe9b910cf3cbf4a0ab98a02ba45b3ec>@@V<lambda_237c231691f317818eb88cc1d5d642d6>@@@?$__crt_seh_guarded_call@H@@QEAAH$$QEAV<lambda_bfedae4ebbf01fab1bb6dcc6a9e276e0>@@AEAV<lambda_2fe9b910cf3cbf4a0ab98a02ba45b3ec>@@$$QEAV<lambda_237c231691f317818eb88cc1d5d642d6>@@@Z 0000000180018968 f i libucrt:close.obj
 0001:000179dc       _close                     00000001800189dc f   libucrt:close.obj
 0001:00017a80       _close_nolock              0000000180018a80 f   libucrt:close.obj
[...]
 0004:00001f44       $pdata$_putwch_nolock      0000000180040f44     libucrt:putwch.obj
 0004:00001f50       $pdata$__acrt_fp_strflt_to_string 0000000180040f50     libucrt:_fptostr.obj
 0004:00001f5c       $pdata$?divide@__crt_strtox@@YA_KAEAUbig_integer@1@AEBU21@@Z 0000000180040f5c     libucrt:cfout.obj
 0004:00001f68       $pdata$5$?divide@__crt_strtox@@YA_KAEAUbig_integer@1@AEBU21@@Z 0000000180040f68     libucrt:cfout.obj
 0004:00001f74       $pdata$6$?divide@__crt_strtox@@YA_KAEAUbig_integer@1@AEBU21@@Z 0000000180040f74     libucrt:cfout.obj
 0004:00001f80       $pdata$__acrt_fltout       0000000180040f80     libucrt:cfout.obj
 0004:00001f8c       $pdata$memcpy_s            0000000180040f8c     libucrt:cfout.obj
 0004:00001f98       $pdata$__acrt_locale_free_monetary 0000000180040f98     libucrt:initmon.obj
 0004:00001fa4       $pdata$__acrt_locale_initialize_monetary 0000000180040fa4     libucrt:initmon.obj
 0004:00001fb0       $pdata$__acrt_locale_free_numeric 0000000180040fb0     libucrt:initnum.obj
 0004:00001fbc       $pdata$__acrt_locale_initialize_numeric 0000000180040fbc     libucrt:initnum.obj
 0004:00001fc8       $pdata$?free_crt_array_internal@@YAXQEAPEBX_K@Z 0000000180040fc8     libucrt:inittime.obj
 0004:00001fd4       $pdata$?initialize_lc_time@@YA_NQEAU__crt_lc_time_data@@QEAU__crt_locale_data@@@Z 0000000180040fd4     libucrt:inittime.obj
 0004:00001fe0       $pdata$__acrt_locale_free_time 0000000180040fe0     libucrt:inittime.obj
 0004:00001fec       $pdata$__acrt_locale_initialize_time 0000000180040fec     libucrt:inittime.obj
 0004:00001ff8       $pdata$wcsncpy_s           0000000180040ff8     libucrt:wcsncpy_s.obj
 0004:00002004       $pdata$GetLocaleNameFromDefault 0000000180041004     libucrt:get_qualified_locale.obj
 0004:00002010       $pdata$GetLocaleNameFromLangCountry 0000000180041010     libucrt:get_qualified_locale.obj
 0004:0000201c       $pdata$GetLocaleNameFromLanguage 000000018004101c     libucrt:get_qualified_locale.obj
 0004:00002028       $pdata$LangCountryEnumProcEx 0000000180041028     libucrt:get_qualified_locale.obj
 0004:00002034       $pdata$LanguageEnumProcEx  0000000180041034     libucrt:get_qualified_locale.obj
 0004:00002040       $pdata$ProcessCodePage     0000000180041040     libucrt:get_qualified_locale.obj
 0004:0000204c       $pdata$TestDefaultCountry  000000018004104c     libucrt:get_qualified_locale.obj
 0004:00002058       $pdata$TranslateName       0000000180041058     libucrt:get_qualified_locale.obj
 0004:00002064       $pdata$__acrt_get_qualified_locale 0000000180041064     libucrt:get_qualified_locale.obj
 0004:00002070       $pdata$CountryEnumProc     0000000180041070     libucrt:getqloc_downlevel.obj
 0004:0000207c       $pdata$GetLcidFromLangCountry 000000018004107c     libucrt:getqloc_downlevel.obj
 0004:00002088       $pdata$GetLcidFromLanguage 0000000180041088     libucrt:getqloc_downlevel.obj
 0004:00002094       $pdata$LangCountryEnumProc 0000000180041094     libucrt:getqloc_downlevel.obj
 0004:000020a0       $pdata$LanguageEnumProc    00000001800410a0     libucrt:getqloc_downlevel.obj
 0004:000020ac       $pdata$ProcessCodePage     00000001800410ac     libucrt:getqloc_downlevel.obj
 0004:000020b8       $pdata$TestDefaultLanguage 00000001800410b8     libucrt:getqloc_downlevel.obj
 0004:000020c4       $pdata$TranslateName       00000001800410c4     libucrt:getqloc_downlevel.obj
 0004:000020d0       $pdata$__acrt_get_qualified_locale_downlevel 00000001800410d0     libucrt:getqloc_downlevel.obj
 0004:000020dc       $pdata$??$translate_text_mode_nolock@_W@@YAHHQEA_W_K@Z 00000001800410dc     libucrt:read.obj
 0004:000020e8       $pdata$?translate_ansi_or_utf8_nolock@@YAHHQEAD_KQEA_W1@Z 00000001800410e8     libucrt:read.obj
 0004:000020f4       $pdata$_read               00000001800410f4     libucrt:read.obj
 0004:00002100       $pdata$_read_nolock        0000000180041100     libucrt:read.obj
 0004:0000210c       $pdata$?GetTableIndexFromLocaleName@@YAHPEB_W@Z 000000018004110c     libucrt:lcidtoname_downlevel.obj
 0004:00002118       $pdata$__acrt_DownlevelLCIDToLocaleName 0000000180041118     libucrt:lcidtoname_downlevel.obj
 0004:00002124       $pdata$__acrt_DownlevelLocaleNameToLCID 0000000180041124     libucrt:lcidtoname_downlevel.obj
 0004:0000213c       $pdata$_wcsnicmp           000000018004113c     libucrt:wcsnicmp.obj
 0004:00002148       $pdata$_wcsnicmp_l         0000000180041148     libucrt:wcsnicmp.obj
 0004:00002160       $pdata$_strnicmp           0000000180041160     libucrt:strnicmp.obj
 0004:0000216c       $pdata$_strnicmp_l         000000018004116c     libucrt:strnicmp.obj
 0004:00002178       $pdata$??$common_sopen_dispatch@D@@YAHQEBDHHHQEAHH@Z 0000000180041178     libucrt:open.obj
 0004:00002184       $pdata$?configure_text_mode@@YAHHUfile_options@?A0xc3dee958@@HAEAW4__crt_lowio_text_mode@@@Z 0000000180041184     libucrt:open.obj
 0004:00002190       $pdata$?decode_options@@YA?AUfile_options@?A0xc3dee958@@HHH@Z 0000000180041190     libucrt:open.obj
 0004:0000219c       $pdata$?truncate_ctrl_z_if_present@@YAHH@Z 000000018004119c     libucrt:open.obj
 0004:000021a8       $pdata$_sopen_nolock       00000001800411a8     libucrt:open.obj
 0004:000021b4       $pdata$_sopen_s            00000001800411b4     libucrt:open.obj
 0004:000021c0       $pdata$_wsopen_nolock      00000001800411c0     libucrt:open.obj
 0004:000021cc       $pdata$strncpy_s           00000001800411cc     libucrt:strncpy_s.obj
 0004:000021d8       $pdata$_towlower_l         00000001800411d8     libucrt:towlower.obj
 0004:000021e4       $pdata$?initialize_multibyte@@YAHXZ 00000001800411e4     libucrt:multibyte_initializer.obj
 0004:000021f0       $pdata$_msize              00000001800411f0     libucrt:msize.obj
 0004:000021fc       $pdata$__dcrt_lowio_initialize_console_output 00000001800411fc     libucrt:initcon.obj
 0004:00002208       $pdata$__dcrt_terminate_console_output 0000000180041208     libucrt:initcon.obj
 0004:00002214       $pdata$fegetenv            0000000180041214     libucrt:fegetenv.obj
 0004:00002220       $pdata$fesetenv            0000000180041220     libucrt:fesetenv.obj
 0004:0000222c       $pdata$feholdexcept        000000018004122c     libucrt:feholdexcept.obj
 0004:00002244       $pdata$_getfpcontrolword   0000000180041244     libucrt:_fenvutils.obj
 0004:00002250       $pdata$_getfpstatusword    0000000180041250     libucrt:_fenvutils.obj
 0004:0000225c       $pdata$_setfpstatusword    000000018004125c     libucrt:_fenvutils.obj
 0004:00002268       $pdata$_get_fmode          0000000180041268     libucrt:setmode.obj
 0004:00002274       $pdata$_setmode_nolock     0000000180041274     libucrt:setmode.obj
 0004:00002280       $pdata$__acrt_copy_path_to_wide_string 0000000180041280     libucrt:string_utilities.obj
 0004:0000228c       $pdata$_chsize_nolock      000000018004128c     libucrt:chsize.obj
 0004:00002298       $pdata$__acrt_LCMapStringW 0000000180041298     libucrt:lcmapstringw.obj
 0004:000022a4       $pdata$_clearfp            00000001800412a4     libucrt:ieee.obj
 0004:000022b0       $pdata$common_control87    00000001800412b0     libucrt:ieee.obj
 0004:000022bc       $pdata$__acrt_initialize_fma3 00000001800412bc     libucrt:fma3_available.obj
 0004:000022c8       $pdata$_log10_special      00000001800412c8     libucrt:log_special.obj
 0004:000022d4       $pdata$_log_special_common 00000001800412d4     libucrt:log_special.obj
 0004:000022e0       $pdata$?DloadAcquireSectionWriteAccess@@YAXXZ 00000001800412e0     DelayImp:delayhlp.obj
 0004:000022ec       $pdata$?DloadGetSRWLockFunctionPointers@@YAEXZ 00000001800412ec     DelayImp:delayhlp.obj
 0004:000022f8       $pdata$?DloadMakePermanentImageCommit@@YAXPEAX_K@Z 00000001800412f8     DelayImp:delayhlp.obj
 0004:00002304       $pdata$?DloadObtainSection@@YAPEAXPEAK0@Z 0000000180041304     DelayImp:delayhlp.obj
 0004:00002310       $pdata$?DloadProtectSection@@YAXKPEAK@Z 0000000180041310     DelayImp:delayhlp.obj
 0004:0000231c       $pdata$?DloadReleaseSectionWriteAccess@@YAXXZ 000000018004131c     DelayImp:delayhlp.obj
 0004:00002328       $pdata$__delayLoadHelper2  0000000180041328     DelayImp:delayhlp.obj
 0004:00002334       $pdata$_IsNonwritableInCurrentImage 0000000180041334     LIBCMT:pesect.obj
 0004:00002340       $pdata$strrchr             0000000180041340     libvcruntime:strrchr.obj
 0004:0000234c       $pdata$wcschr              000000018004134c     libvcruntime:wcschr.obj
 0004:00002364       $pdata$__scrt_is_nonwritable_in_current_image$filt$0 0000000180041364     LIBCMT:utility.obj
 0004:00002370       $pdata$?fin$0@?0??dllmain_crt_process_attach@@YAHQEAUHINSTANCE__@@QEAX@Z@4HA 0000000180041370     LIBCMT:dll_dllmain.obj
 0004:0000237c       $pdata$?fin$0@?0??dllmain_crt_process_detach@@YAH_N@Z@4HA 000000018004137c     LIBCMT:dll_dllmain.obj
 0004:00002388       $pdata$?filt$0@?0??dllmain_dispatch@@YAHQEAUHINSTANCE__@@KQEAX@Z@4HA 0000000180041388     LIBCMT:dll_dllmain.obj
 0004:00002394       $pdata$__CxxCallCatchBlock$filt$0 0000000180041394     libvcruntime:frame.obj
 0004:000023a0       $pdata$__CxxCallCatchBlock$fin$1 00000001800413a0     libvcruntime:frame.obj
 0004:000023ac       $pdata$__DestructExceptionObject$filt$0 00000001800413ac     libvcruntime:frame.obj
 0004:000023b8       $pdata$__FrameUnwindToState$filt$0 00000001800413b8     libvcruntime:frame.obj
 0004:000023c4       $pdata$__FrameUnwindToState$fin$1 00000001800413c4     libvcruntime:frame.obj
 0004:000023d0       $pdata$_CallSETranslator$filt$0 00000001800413d0     libvcruntime:trnsctrl.obj
 0004:000023dc       $pdata$fputc$fin$0         00000001800413dc     libucrt:fputc.obj
 0004:000023e8       $pdata$common_flush_all$fin$0 00000001800413e8     libucrt:fflush.obj
 0004:000023f4       $pdata$common_flush_all$fin$1 00000001800413f4     libucrt:fflush.obj
 0004:00002400       $pdata$fflush$fin$0        0000000180041400     libucrt:fflush.obj
 0004:00002400       $pdata$fclose$fin$0        0000000180041400     libucrt:fclose.obj
 0004:0000240c       $pdata$fgetc$fin$0         000000018004140c     libucrt:fgetc.obj
 0004:00002418       $pdata$?fin$0@?0???$?RV<lambda_5d4c3fee44080f75d5d9762853974fe0>@@AEAV<lambda_532e024f4337e6fc7ad266c2bef9f4ed>@@V<lambda_c87bdc10097eb2402edb8ba9bdf0697b>@@@?$__crt_seh_guarded_call@_K@@QEAA_K$$QEAV<lambda_5d4c3fee44080f75d5d9762853974fe0>@@AEAV<lambda_532e024f4337e6fc7ad266c2bef9f4ed>@@$$QEAV<lambda_c87bdc10097eb2402edb8ba9bdf0697b>@@@Z@4HA 0000000180041418     libucrt:fwrite.obj
 0004:00002418       $pdata$?fin$0@?0???$?RV<lambda_7b91131dde12e1c3dfc74ff76b3f2eac>@@AEAV<lambda_dd75445284c072d0bd3768540cc698fa>@@V<lambda_16bc4ecb55b4718497c16bceaea2ceaf>@@@?$__crt_seh_guarded_call@H@@QEAAH$$QEAV<lambda_7b91131dde12e1c3dfc74ff76b3f2eac>@@AEAV<lambda_dd75445284c072d0bd3768540cc698fa>@@$$QEAV<lambda_16bc4ecb55b4718497c16bceaea2ceaf>@@@Z@4HA 0000000180041418     libucrt:output.obj
 0004:00002418       $pdata$?fin$0@?0???$?RV<lambda_7a5ef57ff966f610505f1d28a3d40618>@@AEAV<lambda_b721fa326cdb32351d23dfa67958c160>@@V<lambda_5e0fb27672408a07956fe59e48ccb2aa>@@@?$__crt_seh_guarded_call@H@@QEAAH$$QEAV<lambda_7a5ef57ff966f610505f1d28a3d40618>@@AEAV<lambda_b721fa326cdb32351d23dfa67958c160>@@$$QEAV<lambda_5e0fb27672408a07956fe59e48ccb2aa>@@@Z@4HA 0000000180041418     libucrt:setvbuf.obj
 0004:00002424       $pdata$ungetc$fin$0        0000000180041424     libucrt:ungetc.obj
 0004:00002430       $pdata$setlocale$fin$0     0000000180041430     libucrt:setlocale.obj
 0004:0000243c       $pdata$?fin$0@?0???$common_fsopen@D@@YAPEAU_iobuf@@QEBD0H@Z@4HA 000000018004143c     libucrt:fopen.obj
 0004:00002448       $pdata$_query_new_handler$fin$0 0000000180041448     libucrt:new_handler.obj
 0004:00002454       $pdata$?filt$0@?0??common_exit@@YAXHW4_crt_exit_cleanup_mode@@W4_crt_exit_return_mode@@@Z@4HA 0000000180041454     libucrt:exit.obj
 0004:00002460       $pdata$?fin$1@?0??common_exit@@YAXHW4_crt_exit_cleanup_mode@@W4_crt_exit_return_mode@@@Z@4HA 0000000180041460     libucrt:exit.obj
 0004:0000246c       $pdata$?fin$0@?0???$?RV<lambda_e24bbb7b643b32fcea6fa61b31d4c984>@@AEAV<lambda_275893d493268fdec8709772e3fcec0e>@@V<lambda_9d71df4d7cf3f480f8d633942495c3b0>@@@?$__crt_seh_guarded_call@H@@QEAAH$$QEAV<lambda_e24bbb7b643b32fcea6fa61b31d4c984>@@AEAV<lambda_275893d493268fdec8709772e3fcec0e>@@$$QEAV<lambda_9d71df4d7cf3f480f8d633942495c3b0>@@@Z@4HA 000000018004146c     libucrt:onexit.obj
 0004:00002478       $pdata$?fin$0@?0???$?RV<lambda_d67e8342c384adda8f857579ab50b2ae>@@AEAV<lambda_30712929f77e709619002f448b6a9510>@@V<lambda_4525336fd7e478d965fb7ca7a337cad8>@@@?$__crt_seh_guarded_call@X@@QEAAX$$QEAV<lambda_d67e8342c384adda8f857579ab50b2ae>@@AEAV<lambda_30712929f77e709619002f448b6a9510>@@$$QEAV<lambda_4525336fd7e478d965fb7ca7a337cad8>@@@Z@4HA 0000000180041478     libucrt:wsetlocale.obj
 0004:00002478       $pdata$?fin$0@?0???$?RV<lambda_630b2aca97f6d20d5b5ea6529ea6b6af>@@AEAV<lambda_af91936f1d075d609f72d9d8cba980af>@@V<lambda_e82fa975f615b5c7c7b0e4d178fdae67>@@@?$__crt_seh_guarded_call@H@@QEAAH$$QEAV<lambda_630b2aca97f6d20d5b5ea6529ea6b6af>@@AEAV<lambda_af91936f1d075d609f72d9d8cba980af>@@$$QEAV<lambda_e82fa975f615b5c7c7b0e4d178fdae67>@@@Z@4HA 0000000180041478     libucrt:winapi_thunks.obj
 0004:00002478       $pdata$?fin$0@?0???$?RV<lambda_fb3a7dec4e47f37f22dae91bb15c9095>@@AEAV<lambda_698284760c8add0bfb0756c19673e34b>@@V<lambda_dfb8eca1e75fef3034a8fb18dd509707>@@@?$__crt_seh_guarded_call@X@@QEAAX$$QEAV<lambda_fb3a7dec4e47f37f22dae91bb15c9095>@@AEAV<lambda_698284760c8add0bfb0756c19673e34b>@@$$QEAV<lambda_dfb8eca1e75fef3034a8fb18dd509707>@@@Z@4HA 0000000180041478     libucrt:per_thread_data.obj
 0004:00002478       $pdata$?fin$0@?0???$?RV<lambda_5e887d1dcbef67a5eb4283622ba103bf>@@AEAV<lambda_4466841279450cc726390878d4a41900>@@V<lambda_341c25c0346d94847f1f3c463c57e077>@@@?$__crt_seh_guarded_call@X@@QEAAX$$QEAV<lambda_5e887d1dcbef67a5eb4283622ba103bf>@@AEAV<lambda_4466841279450cc726390878d4a41900>@@$$QEAV<lambda_341c25c0346d94847f1f3c463c57e077>@@@Z@4HA 0000000180041478     libucrt:per_thread_data.obj
 0004:00002478       $pdata$?fin$0@?0???$?RV<lambda_99476a1ad63dd22509b5d3e65b0ffc95>@@AEAV<lambda_ad1ced32f4ac17aa236e5ef05d6b3b7c>@@V<lambda_f7424dd8d45958661754dc4f2697e9c3>@@@?$__crt_seh_guarded_call@X@@QEAAX$$QEAV<lambda_99476a1ad63dd22509b5d3e65b0ffc95>@@AEAV<lambda_ad1ced32f4ac17aa236e5ef05d6b3b7c>@@$$QEAV<lambda_f7424dd8d45958661754dc4f2697e9c3>@@@Z@4HA 0000000180041478     libucrt:mbctype.obj
 0004:00002478       $pdata$?fin$0@?0???$?RV<lambda_b8c45f8f788dd370798f47cfe8ac3a86>@@AEAV<lambda_4e60a939b0d047cfe11ddc22648dfba9>@@V<lambda_332c3edc96d0294ec56c57d38c1cdfd5>@@@?$__crt_seh_guarded_call@H@@QEAAH$$QEAV<lambda_b8c45f8f788dd370798f47cfe8ac3a86>@@AEAV<lambda_4e60a939b0d047cfe11ddc22648dfba9>@@$$QEAV<lambda_332c3edc96d0294ec56c57d38c1cdfd5>@@@Z@4HA 0000000180041478     libucrt:onexit.obj
 0004:00002478       $pdata$?fin$0@?0???$?RV<lambda_72d1df2b273a38828b1ce30cbf4cdab5>@@AEAV<lambda_876a65b173b8412d3a47c70a915b0cf4>@@V<lambda_41932305e351933ebe8f8be3ed8bb5dc>@@@?$__crt_seh_guarded_call@X@@QEAAX$$QEAV<lambda_72d1df2b273a38828b1ce30cbf4cdab5>@@AEAV<lambda_876a65b173b8412d3a47c70a915b0cf4>@@$$QEAV<lambda_41932305e351933ebe8f8be3ed8bb5dc>@@@Z@4HA 0000000180041478     libucrt:per_thread_data.obj
 0004:00002478       $pdata$?fin$0@?0???$?RV<lambda_c36588078e9f5dfd39652860aa6b3aaf>@@AEAV<lambda_ec61778202f4f5fc7e7711acc23c3bca>@@V<lambda_dc9d2797ccde5d239b4a0efae8ebd7db>@@@?$__crt_seh_guarded_call@P6AXH@Z@@QEAAP6AXH@Z$$QEAV<lambda_c36588078e9f5dfd39652860aa6b3aaf>@@AEAV<lambda_ec61778202f4f5fc7e7711acc23c3bca>@@$$QEAV<lambda_dc9d2797ccde5d239b4a0efae8ebd7db>@@@Z@4HA 0000000180041478     libucrt:signal.obj
 0004:00002478       $pdata$?fin$0@?0???$?RV<lambda_46352004c1216016012b18bd6f87e700>@@AEAV<lambda_3bd07e1a1191394380780325891bf33f>@@V<lambda_334532d3f185bcaa59b5be82d7d22bff>@@@?$__crt_seh_guarded_call@X@@QEAAX$$QEAV<lambda_46352004c1216016012b18bd6f87e700>@@AEAV<lambda_3bd07e1a1191394380780325891bf33f>@@$$QEAV<lambda_334532d3f185bcaa59b5be82d7d22bff>@@@Z@4HA 0000000180041478     libucrt:per_thread_data.obj
 0004:00002484       $pdata$raise$fin$0         0000000180041484     libucrt:signal.obj
 0004:00002490       $pdata$?fin$0@?0???$?RV<lambda_b521505b218e5242e90febf6bfebc422>@@AEAV<lambda_6978c1fb23f02e42e1d9e99668cc68aa>@@V<lambda_314360699dd331753a4119843814e9a7>@@@?$__crt_seh_guarded_call@H@@QEAAH$$QEAV<lambda_b521505b218e5242e90febf6bfebc422>@@AEAV<lambda_6978c1fb23f02e42e1d9e99668cc68aa>@@$$QEAV<lambda_314360699dd331753a4119843814e9a7>@@@Z@4HA 0000000180041490     libucrt:commit.obj
 0004:00002490       $pdata$?fin$0@?0???$?RV<lambda_bfedae4ebbf01fab1bb6dcc6a9e276e0>@@AEAV<lambda_2fe9b910cf3cbf4a0ab98a02ba45b3ec>@@V<lambda_237c231691f317818eb88cc1d5d642d6>@@@?$__crt_seh_guarded_call@H@@QEAAH$$QEAV<lambda_bfedae4ebbf01fab1bb6dcc6a9e276e0>@@AEAV<lambda_2fe9b910cf3cbf4a0ab98a02ba45b3ec>@@$$QEAV<lambda_237c231691f317818eb88cc1d5d642d6>@@@Z@4HA 0000000180041490     libucrt:close.obj
 0004:0000249c       $pdata$?fin$0@?0???$?RV<lambda_5df02c53a8f32f81fd64e5bbb78039f1>@@AEAV<lambda_2af78c5f5901b1372d98f9ab3177dfa6>@@AEAV<lambda_f51fe5fd7c79a33db34fc9310f277369>@@@?$__crt_seh_guarded_call@X@@QEAAX$$QEAV<lambda_5df02c53a8f32f81fd64e5bbb78039f1>@@AEAV<lambda_2af78c5f5901b1372d98f9ab3177dfa6>@@AEAV<lambda_f51fe5fd7c79a33db34fc9310f277369>@@@Z@4HA 000000018004149c     libucrt:wsetlocale.obj
 0004:000024a8       $pdata$__acrt_update_thread_locale_data$fin$0 00000001800414a8     libucrt:locale_refcounting.obj
 0004:000024a8       $pdata$__acrt_uninitialize_locale$fin$0 00000001800414a8     libucrt:wsetlocale.obj
 0004:000024b4       $pdata$_fcloseall$fin$0    00000001800414b4     libucrt:closeall.obj
 0004:000024b4       $pdata$?fin$0@?0??__acrt_stdio_allocate_stream@@YA?AV__crt_stdio_stream@@XZ@4HA 00000001800414b4     libucrt:stream.obj
 0004:000024c0       $pdata$?fin$0@?0???$common_ftell@_J@@YA_JV__crt_stdio_stream@@@Z@4HA 00000001800414c0     libucrt:ftell.obj
 0004:000024c0       $pdata$?fin$0@?0??common_fseek@@YAHV__crt_stdio_stream@@_JH@Z@4HA 00000001800414c0     libucrt:fseek.obj
 0004:000024cc       $pdata$common_control87$filt$0 00000001800414cc     libucrt:ieee.obj
 0004:000024cc       $pdata$_ctrlfp$filt$0      00000001800414cc     libucrt:fpctrl.obj
 0004:000024d8       $pdata$__acrt_update_thread_multibyte_data$fin$0 00000001800414d8     libucrt:mbctype.obj
 0004:000024e4       $pdata$_alloc_osfhnd$fin$0 00000001800414e4     libucrt:osfinfo.obj
 0004:000024e4       $pdata$__acrt_lowio_ensure_fh_exists$fin$0 00000001800414e4     libucrt:osfinfo.obj
 0004:000024e4       $pdata$__acrt_initialize_lowio$fin$0 00000001800414e4     libucrt:ioinit.obj
 0004:000024f0       $pdata$_read$fin$0         00000001800414f0     libucrt:read.obj
 0004:000024f0       $pdata$?fin$0@?0???$common_lseek@_J@@YA_JH_JH@Z@4HA 00000001800414f0     libucrt:lseek.obj
 0004:000024f0       $pdata$_write$fin$0        00000001800414f0     libucrt:write.obj
 0004:000024fc       $pdata$?fin$0@?0???$common_sopen_dispatch@D@@YAHQEBDHHHQEAHH@Z@4HA 00000001800414fc     libucrt:open.obj
 0004:00002508       $pdata$_IsNonwritableInCurrentImage$filt$0 0000000180041508     LIBCMT:pesect.obj
 0004:00002514       $pdata$??__Fcout@std@@YAXXZ 0000000180041514     libcpmt:cout.obj
 0004:00002520       $pdata$??__F_Fac_tidy_reg@std@@YAXXZ 0000000180041520     libcpmt:locale0.obj
 0004:0000252c       $pdata$??__Fclassic_locale@std@@YAXXZ 000000018004152c     libcpmt:locale0.obj
 0004:00002538       $pdata$??__Finit_atexit@@YAXXZ 0000000180041538     libcpmt:iosptrs.obj
 0006:00000060       $R000000                   0000000180043060     * linker generated manifest res *

 Exports

  ordinal    name

        1    _register_addon_
